../Core/Src/lis3dh_reg.c:49:16:lis3dh_read_reg	40	static
../Core/Src/lis3dh_reg.c:74:16:lis3dh_write_reg	40	static
../Core/Src/lis3dh_reg.c:102:9:lis3dh_from_fs2_hr_to_mg	16	static
../Core/Src/lis3dh_reg.c:107:9:lis3dh_from_fs4_hr_to_mg	16	static
../Core/Src/lis3dh_reg.c:112:9:lis3dh_from_fs8_hr_to_mg	16	static
../Core/Src/lis3dh_reg.c:117:9:lis3dh_from_fs16_hr_to_mg	16	static
../Core/Src/lis3dh_reg.c:122:9:lis3dh_from_lsb_hr_to_celsius	16	static
../Core/Src/lis3dh_reg.c:127:9:lis3dh_from_fs2_nm_to_mg	16	static
../Core/Src/lis3dh_reg.c:132:9:lis3dh_from_fs4_nm_to_mg	16	static
../Core/Src/lis3dh_reg.c:137:9:lis3dh_from_fs8_nm_to_mg	16	static
../Core/Src/lis3dh_reg.c:142:9:lis3dh_from_fs16_nm_to_mg	16	static
../Core/Src/lis3dh_reg.c:147:9:lis3dh_from_lsb_nm_to_celsius	16	static
../Core/Src/lis3dh_reg.c:152:9:lis3dh_from_fs2_lp_to_mg	16	static
../Core/Src/lis3dh_reg.c:157:9:lis3dh_from_fs4_lp_to_mg	16	static
../Core/Src/lis3dh_reg.c:162:9:lis3dh_from_fs8_lp_to_mg	16	static
../Core/Src/lis3dh_reg.c:167:9:lis3dh_from_fs16_lp_to_mg	16	static
../Core/Src/lis3dh_reg.c:172:9:lis3dh_from_lsb_lp_to_celsius	16	static
../Core/Src/lis3dh_reg.c:197:9:lis3dh_temp_status_reg_get	24	static
../Core/Src/lis3dh_reg.c:213:9:lis3dh_temp_data_ready_get	32	static
../Core/Src/lis3dh_reg.c:232:9:lis3dh_temp_data_ovr_get	32	static
../Core/Src/lis3dh_reg.c:251:9:lis3dh_temperature_raw_get	32	static
../Core/Src/lis3dh_reg.c:283:9:lis3dh_adc_raw_get	40	static
../Core/Src/lis3dh_reg.c:307:9:lis3dh_aux_adc_set	32	static
../Core/Src/lis3dh_reg.c:343:9:lis3dh_aux_adc_get	32	static
../Core/Src/lis3dh_reg.c:380:9:lis3dh_operating_mode_set	32	static
../Core/Src/lis3dh_reg.c:435:9:lis3dh_operating_mode_get	40	static
../Core/Src/lis3dh_reg.c:475:9:lis3dh_data_rate_set	32	static
../Core/Src/lis3dh_reg.c:499:9:lis3dh_data_rate_get	32	static
../Core/Src/lis3dh_reg.c:565:9:lis3dh_high_pass_on_outputs_set	32	static
../Core/Src/lis3dh_reg.c:591:9:lis3dh_high_pass_on_outputs_get	32	static
../Core/Src/lis3dh_reg.c:617:9:lis3dh_high_pass_bandwidth_set	32	static
../Core/Src/lis3dh_reg.c:648:9:lis3dh_high_pass_bandwidth_get	32	static
../Core/Src/lis3dh_reg.c:690:9:lis3dh_high_pass_mode_set	32	static
../Core/Src/lis3dh_reg.c:714:9:lis3dh_high_pass_mode_get	32	static
../Core/Src/lis3dh_reg.c:756:9:lis3dh_full_scale_set	32	static
../Core/Src/lis3dh_reg.c:780:9:lis3dh_full_scale_get	32	static
../Core/Src/lis3dh_reg.c:821:9:lis3dh_block_data_update_set	32	static
../Core/Src/lis3dh_reg.c:845:9:lis3dh_block_data_update_get	32	static
../Core/Src/lis3dh_reg.c:865:9:lis3dh_filter_reference_set	24	static
../Core/Src/lis3dh_reg.c:883:9:lis3dh_filter_reference_get	24	static
../Core/Src/lis3dh_reg.c:899:9:lis3dh_xl_data_ready_get	32	static
../Core/Src/lis3dh_reg.c:917:9:lis3dh_xl_data_ovr_get	32	static
../Core/Src/lis3dh_reg.c:935:9:lis3dh_acceleration_raw_get	40	static
../Core/Src/lis3dh_reg.c:970:9:lis3dh_device_id_get	24	static
../Core/Src/lis3dh_reg.c:986:9:lis3dh_self_test_set	32	static
../Core/Src/lis3dh_reg.c:1010:9:lis3dh_self_test_get	32	static
../Core/Src/lis3dh_reg.c:1047:9:lis3dh_data_format_set	32	static
../Core/Src/lis3dh_reg.c:1071:9:lis3dh_data_format_get	32	static
../Core/Src/lis3dh_reg.c:1104:9:lis3dh_boot_set	32	static
../Core/Src/lis3dh_reg.c:1128:9:lis3dh_boot_get	32	static
../Core/Src/lis3dh_reg.c:1147:9:lis3dh_status_get	24	static
../Core/Src/lis3dh_reg.c:1176:9:lis3dh_int1_gen_conf_set	24	static
../Core/Src/lis3dh_reg.c:1194:9:lis3dh_int1_gen_conf_get	24	static
../Core/Src/lis3dh_reg.c:1212:9:lis3dh_int1_gen_source_get	24	static
../Core/Src/lis3dh_reg.c:1231:9:lis3dh_int1_gen_threshold_set	32	static
../Core/Src/lis3dh_reg.c:1257:9:lis3dh_int1_gen_threshold_get	32	static
../Core/Src/lis3dh_reg.c:1277:9:lis3dh_int1_gen_duration_set	32	static
../Core/Src/lis3dh_reg.c:1304:9:lis3dh_int1_gen_duration_get	32	static
../Core/Src/lis3dh_reg.c:1337:9:lis3dh_int2_gen_conf_set	24	static
../Core/Src/lis3dh_reg.c:1355:9:lis3dh_int2_gen_conf_get	24	static
../Core/Src/lis3dh_reg.c:1372:9:lis3dh_int2_gen_source_get	24	static
../Core/Src/lis3dh_reg.c:1391:9:lis3dh_int2_gen_threshold_set	32	static
../Core/Src/lis3dh_reg.c:1417:9:lis3dh_int2_gen_threshold_get	32	static
../Core/Src/lis3dh_reg.c:1437:9:lis3dh_int2_gen_duration_set	32	static
../Core/Src/lis3dh_reg.c:1464:9:lis3dh_int2_gen_duration_get	32	static
../Core/Src/lis3dh_reg.c:1496:9:lis3dh_high_pass_int_conf_set	32	static
../Core/Src/lis3dh_reg.c:1521:9:lis3dh_high_pass_int_conf_get	32	static
../Core/Src/lis3dh_reg.c:1579:9:lis3dh_pin_int1_config_set	24	static
../Core/Src/lis3dh_reg.c:1597:9:lis3dh_pin_int1_config_get	24	static
../Core/Src/lis3dh_reg.c:1616:9:lis3dh_int2_pin_detect_4d_set	32	static
../Core/Src/lis3dh_reg.c:1641:9:lis3dh_int2_pin_detect_4d_get	32	static
../Core/Src/lis3dh_reg.c:1662:9:lis3dh_int2_pin_notification_mode_set	32	static
../Core/Src/lis3dh_reg.c:1689:9:lis3dh_int2_pin_notification_mode_get	32	static
../Core/Src/lis3dh_reg.c:1724:9:lis3dh_int1_pin_detect_4d_set	32	static
../Core/Src/lis3dh_reg.c:1749:9:lis3dh_int1_pin_detect_4d_get	32	static
../Core/Src/lis3dh_reg.c:1769:9:lis3dh_int1_pin_notification_mode_set	32	static
../Core/Src/lis3dh_reg.c:1795:9:lis3dh_int1_pin_notification_mode_get	32	static
../Core/Src/lis3dh_reg.c:1829:9:lis3dh_pin_int2_config_set	24	static
../Core/Src/lis3dh_reg.c:1847:9:lis3dh_pin_int2_config_get	24	static
../Core/Src/lis3dh_reg.c:1876:9:lis3dh_fifo_set	32	static
../Core/Src/lis3dh_reg.c:1900:9:lis3dh_fifo_get	32	static
../Core/Src/lis3dh_reg.c:1919:9:lis3dh_fifo_watermark_set	32	static
../Core/Src/lis3dh_reg.c:1945:9:lis3dh_fifo_watermark_get	32	static
../Core/Src/lis3dh_reg.c:1965:9:lis3dh_fifo_trigger_event_set	32	static
../Core/Src/lis3dh_reg.c:1992:9:lis3dh_fifo_trigger_event_get	32	static
../Core/Src/lis3dh_reg.c:2027:9:lis3dh_fifo_mode_set	32	static
../Core/Src/lis3dh_reg.c:2053:9:lis3dh_fifo_mode_get	32	static
../Core/Src/lis3dh_reg.c:2095:9:lis3dh_fifo_status_get	24	static
../Core/Src/lis3dh_reg.c:2112:9:lis3dh_fifo_data_level_get	32	static
../Core/Src/lis3dh_reg.c:2131:9:lis3dh_fifo_empty_flag_get	32	static
../Core/Src/lis3dh_reg.c:2150:9:lis3dh_fifo_ovr_flag_get	32	static
../Core/Src/lis3dh_reg.c:2169:9:lis3dh_fifo_fth_flag_get	32	static
../Core/Src/lis3dh_reg.c:2201:9:lis3dh_tap_conf_set	24	static
../Core/Src/lis3dh_reg.c:2219:9:lis3dh_tap_conf_get	24	static
../Core/Src/lis3dh_reg.c:2236:9:lis3dh_tap_source_get	24	static
../Core/Src/lis3dh_reg.c:2254:9:lis3dh_tap_threshold_set	32	static
../Core/Src/lis3dh_reg.c:2279:9:lis3dh_tap_threshold_get	32	static
../Core/Src/lis3dh_reg.c:2301:9:lis3dh_tap_notification_mode_set	32	static
../Core/Src/lis3dh_reg.c:2329:9:lis3dh_tap_notification_mode_get	32	static
../Core/Src/lis3dh_reg.c:2365:9:lis3dh_shock_dur_set	32	static
../Core/Src/lis3dh_reg.c:2391:9:lis3dh_shock_dur_get	32	static
../Core/Src/lis3dh_reg.c:2413:9:lis3dh_quiet_dur_set	32	static
../Core/Src/lis3dh_reg.c:2442:9:lis3dh_quiet_dur_get	32	static
../Core/Src/lis3dh_reg.c:2465:9:lis3dh_double_tap_timeout_set	32	static
../Core/Src/lis3dh_reg.c:2494:9:lis3dh_double_tap_timeout_get	32	static
../Core/Src/lis3dh_reg.c:2529:9:lis3dh_act_threshold_set	32	static
../Core/Src/lis3dh_reg.c:2555:9:lis3dh_act_threshold_get	32	static
../Core/Src/lis3dh_reg.c:2575:9:lis3dh_act_timeout_set	32	static
../Core/Src/lis3dh_reg.c:2600:9:lis3dh_act_timeout_get	32	static
../Core/Src/lis3dh_reg.c:2632:9:lis3dh_pin_sdo_sa0_mode_set	32	static
../Core/Src/lis3dh_reg.c:2657:9:lis3dh_pin_sdo_sa0_mode_get	32	static
../Core/Src/lis3dh_reg.c:2691:9:lis3dh_spi_mode_set	32	static
../Core/Src/lis3dh_reg.c:2715:9:lis3dh_spi_mode_get	32	static
