Archive member included to satisfy reference by file (symbol)

C:/ST/STM32CubeIDE_1.15.1/STM32CubeIDE/plugins/com.st.stm32cube.ide.mcu.externaltools.gnu-tools-for-stm32.12.3.rel1.win32_1.0.100.202403111256/tools/bin/../lib/gcc/arm-none-eabi/12.3.1/../../../../arm-none-eabi/lib/thumb/v6-m/nofp\libc_nano.a(libc_a-exit.o)
                              C:/ST/STM32CubeIDE_1.15.1/STM32CubeIDE/plugins/com.st.stm32cube.ide.mcu.externaltools.gnu-tools-for-stm32.12.3.rel1.win32_1.0.100.202403111256/tools/bin/../lib/gcc/arm-none-eabi/12.3.1/../../../../arm-none-eabi/lib/thumb/v6-m/nofp/crt0.o (exit)
C:/ST/STM32CubeIDE_1.15.1/STM32CubeIDE/plugins/com.st.stm32cube.ide.mcu.externaltools.gnu-tools-for-stm32.12.3.rel1.win32_1.0.100.202403111256/tools/bin/../lib/gcc/arm-none-eabi/12.3.1/../../../../arm-none-eabi/lib/thumb/v6-m/nofp\libc_nano.a(libc_a-findfp.o)
                              C:/ST/STM32CubeIDE_1.15.1/STM32CubeIDE/plugins/com.st.stm32cube.ide.mcu.externaltools.gnu-tools-for-stm32.12.3.rel1.win32_1.0.100.202403111256/tools/bin/../lib/gcc/arm-none-eabi/12.3.1/../../../../arm-none-eabi/lib/thumb/v6-m/nofp\libc_nano.a(libc_a-exit.o) (__stdio_exit_handler)
C:/ST/STM32CubeIDE_1.15.1/STM32CubeIDE/plugins/com.st.stm32cube.ide.mcu.externaltools.gnu-tools-for-stm32.12.3.rel1.win32_1.0.100.202403111256/tools/bin/../lib/gcc/arm-none-eabi/12.3.1/../../../../arm-none-eabi/lib/thumb/v6-m/nofp\libc_nano.a(libc_a-fwalk.o)
                              C:/ST/STM32CubeIDE_1.15.1/STM32CubeIDE/plugins/com.st.stm32cube.ide.mcu.externaltools.gnu-tools-for-stm32.12.3.rel1.win32_1.0.100.202403111256/tools/bin/../lib/gcc/arm-none-eabi/12.3.1/../../../../arm-none-eabi/lib/thumb/v6-m/nofp\libc_nano.a(libc_a-findfp.o) (_fwalk_sglue)
C:/ST/STM32CubeIDE_1.15.1/STM32CubeIDE/plugins/com.st.stm32cube.ide.mcu.externaltools.gnu-tools-for-stm32.12.3.rel1.win32_1.0.100.202403111256/tools/bin/../lib/gcc/arm-none-eabi/12.3.1/../../../../arm-none-eabi/lib/thumb/v6-m/nofp\libc_nano.a(libc_a-stdio.o)
                              C:/ST/STM32CubeIDE_1.15.1/STM32CubeIDE/plugins/com.st.stm32cube.ide.mcu.externaltools.gnu-tools-for-stm32.12.3.rel1.win32_1.0.100.202403111256/tools/bin/../lib/gcc/arm-none-eabi/12.3.1/../../../../arm-none-eabi/lib/thumb/v6-m/nofp\libc_nano.a(libc_a-findfp.o) (__sread)
C:/ST/STM32CubeIDE_1.15.1/STM32CubeIDE/plugins/com.st.stm32cube.ide.mcu.externaltools.gnu-tools-for-stm32.12.3.rel1.win32_1.0.100.202403111256/tools/bin/../lib/gcc/arm-none-eabi/12.3.1/../../../../arm-none-eabi/lib/thumb/v6-m/nofp\libc_nano.a(libc_a-memset.o)
                              C:/ST/STM32CubeIDE_1.15.1/STM32CubeIDE/plugins/com.st.stm32cube.ide.mcu.externaltools.gnu-tools-for-stm32.12.3.rel1.win32_1.0.100.202403111256/tools/bin/../lib/gcc/arm-none-eabi/12.3.1/../../../../arm-none-eabi/lib/thumb/v6-m/nofp/crt0.o (memset)
C:/ST/STM32CubeIDE_1.15.1/STM32CubeIDE/plugins/com.st.stm32cube.ide.mcu.externaltools.gnu-tools-for-stm32.12.3.rel1.win32_1.0.100.202403111256/tools/bin/../lib/gcc/arm-none-eabi/12.3.1/../../../../arm-none-eabi/lib/thumb/v6-m/nofp\libc_nano.a(libc_a-closer.o)
                              C:/ST/STM32CubeIDE_1.15.1/STM32CubeIDE/plugins/com.st.stm32cube.ide.mcu.externaltools.gnu-tools-for-stm32.12.3.rel1.win32_1.0.100.202403111256/tools/bin/../lib/gcc/arm-none-eabi/12.3.1/../../../../arm-none-eabi/lib/thumb/v6-m/nofp\libc_nano.a(libc_a-stdio.o) (_close_r)
C:/ST/STM32CubeIDE_1.15.1/STM32CubeIDE/plugins/com.st.stm32cube.ide.mcu.externaltools.gnu-tools-for-stm32.12.3.rel1.win32_1.0.100.202403111256/tools/bin/../lib/gcc/arm-none-eabi/12.3.1/../../../../arm-none-eabi/lib/thumb/v6-m/nofp\libc_nano.a(libc_a-reent.o)
                              C:/ST/STM32CubeIDE_1.15.1/STM32CubeIDE/plugins/com.st.stm32cube.ide.mcu.externaltools.gnu-tools-for-stm32.12.3.rel1.win32_1.0.100.202403111256/tools/bin/../lib/gcc/arm-none-eabi/12.3.1/../../../../arm-none-eabi/lib/thumb/v6-m/nofp\libc_nano.a(libc_a-closer.o) (errno)
C:/ST/STM32CubeIDE_1.15.1/STM32CubeIDE/plugins/com.st.stm32cube.ide.mcu.externaltools.gnu-tools-for-stm32.12.3.rel1.win32_1.0.100.202403111256/tools/bin/../lib/gcc/arm-none-eabi/12.3.1/../../../../arm-none-eabi/lib/thumb/v6-m/nofp\libc_nano.a(libc_a-impure.o)
                              C:/ST/STM32CubeIDE_1.15.1/STM32CubeIDE/plugins/com.st.stm32cube.ide.mcu.externaltools.gnu-tools-for-stm32.12.3.rel1.win32_1.0.100.202403111256/tools/bin/../lib/gcc/arm-none-eabi/12.3.1/../../../../arm-none-eabi/lib/thumb/v6-m/nofp\libc_nano.a(libc_a-reent.o) (_impure_ptr)
C:/ST/STM32CubeIDE_1.15.1/STM32CubeIDE/plugins/com.st.stm32cube.ide.mcu.externaltools.gnu-tools-for-stm32.12.3.rel1.win32_1.0.100.202403111256/tools/bin/../lib/gcc/arm-none-eabi/12.3.1/../../../../arm-none-eabi/lib/thumb/v6-m/nofp\libc_nano.a(libc_a-lseekr.o)
[...]
Memory Configuration

Name             Origin             Length             Attributes
RAM              0x20000000         0x00001000         xrw
FLASH            0x08000000         0x00008000         xr
*default*        0x00000000         0xffffffff

Linker script and memory map

LOAD C:/ST/STM32CubeIDE_1.15.1/STM32CubeIDE/plugins/com.st.stm32cube.ide.mcu.externaltools.gnu-tools-for-stm32.12.3.rel1.win32_1.0.100.202403111256/tools/bin/../lib/gcc/arm-none-eabi/12.3.1/thumb/v6-m/nofp/crti.o
LOAD C:/ST/STM32CubeIDE_1.15.1/STM32CubeIDE/plugins/com.st.stm32cube.ide.mcu.externaltools.gnu-tools-for-stm32.12.3.rel1.win32_1.0.100.202403111256/tools/bin/../lib/gcc/arm-none-eabi/12.3.1/thumb/v6-m/nofp/crtbegin.o
LOAD C:/ST/STM32CubeIDE_1.15.1/STM32CubeIDE/plugins/com.st.stm32cube.ide.mcu.externaltools.gnu-tools-for-stm32.12.3.rel1.win32_1.0.100.202403111256/tools/bin/../lib/gcc/arm-none-eabi/12.3.1/../../../../arm-none-eabi/lib/thumb/v6-m/nofp/crt0.o
LOAD ./Core/Src/gpio.o
LOAD ./Core/Src/i2c.o
LOAD ./Core/Src/lis3dh_driver.o
LOAD ./Core/Src/lis3dh_reg.o
LOAD ./Core/Src/main.o
LOAD ./Core/Src/stm32f0xx_hal_msp.o
LOAD ./Core/Src/stm32f0xx_it.o
LOAD ./Core/Src/syscalls.o
LOAD ./Core/Src/sysmem.o
LOAD ./Core/Src/system_stm32f0xx.o
LOAD ./Core/Startup/startup_stm32f030k6tx.o
LOAD ./Drivers/STM32F0xx_HAL_Driver/stm32f0xx_hal.o
LOAD ./Drivers/STM32F0xx_HAL_Driver/stm32f0xx_hal_cortex.o
LOAD ./Drivers/STM32F0xx_HAL_Driver/stm32f0xx_hal_dma.o
LOAD ./Drivers/STM32F0xx_HAL_Driver/stm32f0xx_hal_exti.o
LOAD ./Drivers/STM32F0xx_HAL_Driver/stm32f0xx_hal_flash.o
LOAD ./Drivers/STM32F0xx_HAL_Driver/stm32f0xx_hal_flash_ex.o
LOAD ./Drivers/STM32F0xx_HAL_Driver/stm32f0xx_hal_gpio.o
LOAD ./Drivers/STM32F0xx_HAL_Driver/stm32f0xx_hal_i2c.o
LOAD ./Drivers/STM32F0xx_HAL_Driver/stm32f0xx_hal_i2c_ex.o
LOAD ./Drivers/STM32F0xx_HAL_Driver/stm32f0xx_hal_pwr.o
LOAD ./Drivers/STM32F0xx_HAL_Driver/stm32f0xx_hal_pwr_ex.o
LOAD ./Drivers/STM32F0xx_HAL_Driver/stm32f0xx_hal_rcc.o
LOAD ./Drivers/STM32F0xx_HAL_Driver/stm32f0xx_hal_rcc_ex.o
LOAD ./Drivers/STM32F0xx_HAL_Driver/stm32f0xx_hal_tim.o
LOAD ./Drivers/STM32F0xx_HAL_Driver/stm32f0xx_hal_tim_ex.o
START GROUP
LOAD C:/ST/STM32CubeIDE_1.15.1/STM32CubeIDE/plugins/com.st.stm32cube.ide.mcu.externaltools.gnu-tools-for-stm32.12.3.rel1.win32_1.0.100.202403111256/tools/bin/../lib/gcc/arm-none-eabi/12.3.1/../../../../arm-none-eabi/lib/thumb/v6-m/nofp\libc_nano.a
LOAD C:/ST/STM32CubeIDE_1.15.1/STM32CubeIDE/plugins/com.st.stm32cube.ide.mcu.externaltools.gnu-tools-for-stm32.12.3.rel1.win32_1.0.100.202403111256/tools/bin/../lib/gcc/arm-none-eabi/12.3.1/../../../../arm-none-eabi/lib/thumb/v6-m/nofp\libm.a
END GROUP
START GROUP
LOAD C:/ST/STM32CubeIDE_1.15.1/STM32CubeIDE/plugins/com.st.stm32cube.ide.mcu.externaltools.gnu-tools-for-stm32.12.3.rel1.win32_1.0.100.202403111256/tools/bin/../lib/gcc/arm-none-eabi/12.3.1/thumb/v6-m/nofp\libgcc.a
LOAD C:/ST/STM32CubeIDE_1.15.1/STM32CubeIDE/plugins/com.st.stm32cube.ide.mcu.externaltools.gnu-tools-for-stm32.12.3.rel1.win32_1.0.100.202403111256/tools/bin/../lib/gcc/arm-none-eabi/12.3.1/../../../../arm-none-eabi/lib/thumb/v6-m/nofp\libc_nano.a
END GROUP
START GROUP
LOAD C:/ST/STM32CubeIDE_1.15.1/STM32CubeIDE/plugins/com.st.stm32cube.ide.mcu.externaltools.gnu-tools-for-stm32.12.3.rel1.win32_1.0.100.202403111256/tools/bin/../lib/gcc/arm-none-eabi/12.3.1/thumb/v6-m/nofp\libgcc.a
LOAD C:/ST/STM32CubeIDE_1.15.1/STM32CubeIDE/plugins/com.st.stm32cube.ide.mcu.externaltools.gnu-tools-for-stm32.12.3.rel1.win32_1.0.100.202403111256/tools/bin/../lib/gcc/arm-none-eabi/12.3.1/../../../../arm-none-eabi/lib/thumb/v6-m/nofp\libc_nano.a
LOAD C:/ST/STM32CubeIDE_1.15.1/STM32CubeIDE/plugins/com.st.stm32cube.ide.mcu.externaltools.gnu-tools-for-stm32.12.3.rel1.win32_1.0.100.202403111256/tools/bin/../lib/gcc/arm-none-eabi/12.3.1/../../../../arm-none-eabi/lib/thumb/v6-m/nofp\libnosys.a
END GROUP
START GROUP
LOAD C:/ST/STM32CubeIDE_1.15.1/STM32CubeIDE/plugins/com.st.stm32cube.ide.mcu.externaltools.gnu-tools-for-stm32.12.3.rel1.win32_1.0.100.202403111256/tools/bin/../lib/gcc/arm-none-eabi/12.3.1/thumb/v6-m/nofp\libgcc.a
LOAD C:/ST/STM32CubeIDE_1.15.1/STM32CubeIDE/plugins/com.st.stm32cube.ide.mcu.externaltools.gnu-tools-for-stm32.12.3.rel1.win32_1.0.100.202403111256/tools/bin/../lib/gcc/arm-none-eabi/12.3.1/../../../../arm-none-eabi/lib/thumb/v6-m/nofp\libc_nano.a
LOAD C:/ST/STM32CubeIDE_1.15.1/STM32CubeIDE/plugins/com.st.stm32cube.ide.mcu.externaltools.gnu-tools-for-stm32.12.3.rel1.win32_1.0.100.202403111256/tools/bin/../lib/gcc/arm-none-eabi/12.3.1/../../../../arm-none-eabi/lib/thumb/v6-m/nofp\libnosys.a
END GROUP
LOAD C:/ST/STM32CubeIDE_1.15.1/STM32CubeIDE/plugins/com.st.stm32cube.ide.mcu.externaltools.gnu-tools-for-stm32.12.3.rel1.win32_1.0.100.202403111256/tools/bin/../lib/gcc/arm-none-eabi/12.3.1/thumb/v6-m/nofp/crtend.o
LOAD C:/ST/STM32CubeIDE_1.15.1/STM32CubeIDE/plugins/com.st.stm32cube.ide.mcu.externaltools.gnu-tools-for-stm32.12.3.rel1.win32_1.0.100.202403111256/tools/bin/../lib/gcc/arm-none-eabi/12.3.1/thumb/v6-m/nofp/crtn.o
                0x20001000                        _estack = (ORIGIN (RAM) + LENGTH (RAM))
                0x00000200                        _Min_Heap_Size = 0x200
                0x00000400                        _Min_Stack_Size = 0x400

.isr_vector     0x08000000       0xc0
                0x08000000                        . = ALIGN (0x4)
 *(.isr_vector)
 .isr_vector    0x08000000       0xc0 ./Core/Startup/startup_stm32f030k6tx.o
                0x08000000                g_pfnVectors
                0x080000c0                        . = ALIGN (0x4)

.text           0x080000c0     0x355c
                0x080000c0                        . = ALIGN (0x4)
 *(.text)
 .text          0x080000c0       0x48 C:/ST/STM32CubeIDE_1.15.1/STM32CubeIDE/plugins/com.st.stm32cube.ide.mcu.externaltools.gnu-tools-for-stm32.12.3.rel1.win32_1.0.100.202403111256/tools/bin/../lib/gcc/arm-none-eabi/12.3.1/thumb/v6-m/nofp/crtbegin.o
 .text          0x08000108      0x114 C:/ST/STM32CubeIDE_1.15.1/STM32CubeIDE/plugins/com.st.stm32cube.ide.mcu.externaltools.gnu-tools-for-stm32.12.3.rel1.win32_1.0.100.202403111256/tools/bin/../lib/gcc/arm-none-eabi/12.3.1/thumb/v6-m/nofp\libgcc.a(_udivsi3.o)
                0x08000108                __aeabi_uidiv
                0x08000108                __udivsi3
                0x08000214                __aeabi_uidivmod
 .text          0x0800021c        0x4 C:/ST/STM32CubeIDE_1.15.1/STM32CubeIDE/plugins/com.st.stm32cube.ide.mcu.externaltools.gnu-tools-for-stm32.12.3.rel1.win32_1.0.100.202403111256/tools/bin/../lib/gcc/arm-none-eabi/12.3.1/thumb/v6-m/nofp\libgcc.a(_dvmd_tls.o)
                0x0800021c                __aeabi_idiv0
                0x0800021c                __aeabi_ldiv0
 .text          0x08000220      0x314 C:/ST/STM32CubeIDE_1.15.1/STM32CubeIDE/plugins/com.st.stm32cube.ide.mcu.externaltools.gnu-tools-for-stm32.12.3.rel1.win32_1.0.100.202403111256/tools/bin/../lib/gcc/arm-none-eabi/12.3.1/thumb/v6-m/nofp\libgcc.a(addsf3.o)
                0x08000220                __aeabi_fadd
 .text          0x08000534      0x240 C:/ST/STM32CubeIDE_1.15.1/STM32CubeIDE/plugins/com.st.stm32cube.ide.mcu.externaltools.gnu-tools-for-stm32.12.3.rel1.win32_1.0.100.202403111256/tools/bin/../lib/gcc/arm-none-eabi/12.3.1/thumb/v6-m/nofp\libgcc.a(divsf3.o)
                0x08000534                __aeabi_fdiv
 .text          0x08000774       0x98 C:/ST/STM32CubeIDE_1.15.1/STM32CubeIDE/plugins/com.st.stm32cube.ide.mcu.externaltools.gnu-tools-for-stm32.12.3.rel1.win32_1.0.100.202403111256/tools/bin/../lib/gcc/arm-none-eabi/12.3.1/thumb/v6-m/nofp\libgcc.a(floatsisf.o)
                0x08000774                __aeabi_i2f
 .text          0x0800080c       0x3c C:/ST/STM32CubeIDE_1.15.1/STM32CubeIDE/plugins/com.st.stm32cube.ide.mcu.externaltools.gnu-tools-for-stm32.12.3.rel1.win32_1.0.100.202403111256/tools/bin/../lib/gcc/arm-none-eabi/12.3.1/thumb/v6-m/nofp\libgcc.a(_clzsi2.o)
                0x0800080c                __clzsi2
 *(.text*)
 .text.MX_GPIO_Init
                0x08000848      0x12c ./Core/Src/gpio.o
                0x08000848                MX_GPIO_Init
 .text.MX_I2C1_Init
                0x08000974       0x80 ./Core/Src/i2c.o
                0x08000974                MX_I2C1_Init
 .text.HAL_I2C_MspInit
                0x080009f4       0x9c ./Core/Src/i2c.o
                0x080009f4                HAL_I2C_MspInit
 .text.lis3dh_read_reg
                0x08000a90       0x52 ./Core/Src/lis3dh_reg.o
                0x08000a90                lis3dh_read_reg
 .text.lis3dh_write_reg
                0x08000ae2       0x52 ./Core/Src/lis3dh_reg.o
                0x08000ae2                lis3dh_write_reg
 .text.lis3dh_from_fs2_hr_to_mg
                0x08000b34       0x2e ./Core/Src/lis3dh_reg.o
                0x08000b34                lis3dh_from_fs2_hr_to_mg
 *fill*         0x08000b62        0x2 
 .text.lis3dh_from_lsb_hr_to_celsius
                0x08000b64       0x48 ./Core/Src/lis3dh_reg.o
                0x08000b64                lis3dh_from_lsb_hr_to_celsius
 .text.lis3dh_temp_data_ready_get
                0x08000bac       0x36 ./Core/Src/lis3dh_reg.o
                0x08000bac                lis3dh_temp_data_ready_get
 .text.lis3dh_temperature_raw_get
                0x08000be2       0x4c ./Core/Src/lis3dh_reg.o
                0x08000be2                lis3dh_temperature_raw_get
 .text.lis3dh_aux_adc_set
                0x08000c2e       0x9e ./Core/Src/lis3dh_reg.o
                0x08000c2e                lis3dh_aux_adc_set
 .text.lis3dh_operating_mode_set
                0x08000ccc       0xd2 ./Core/Src/lis3dh_reg.o
                0x08000ccc                lis3dh_operating_mode_set
 .text.lis3dh_data_rate_set
                0x08000d9e       0x5c ./Core/Src/lis3dh_reg.o
                0x08000d9e                lis3dh_data_rate_set
 .text.lis3dh_full_scale_set
                0x08000dfa       0x60 ./Core/Src/lis3dh_reg.o
                0x08000dfa                lis3dh_full_scale_set
 .text.lis3dh_block_data_update_set
                0x08000e5a       0x5c ./Core/Src/lis3dh_reg.o
                0x08000e5a                lis3dh_block_data_update_set
 .text.lis3dh_xl_data_ready_get
                0x08000eb6       0x36 ./Core/Src/lis3dh_reg.o
                0x08000eb6                lis3dh_xl_data_ready_get
 .text.lis3dh_acceleration_raw_get
                0x08000eec       0xa0 ./Core/Src/lis3dh_reg.o
                0x08000eec                lis3dh_acceleration_raw_get
 .text.lis3dh_device_id_get
                0x08000f8c       0x24 ./Core/Src/lis3dh_reg.o
                0x08000f8c                lis3dh_device_id_get
 .text.platform_write
                0x08000fb0       0x58 ./Core/Src/main.o
                0x08000fb0                platform_write
 .text.platform_read
                0x08001008       0x5c ./Core/Src/main.o
                0x08001008                platform_read
 .text.platform_delay
                0x08001064       0x18 ./Core/Src/main.o
                0x08001064                platform_delay
 .text.lis3dh_read_data_polling
                0x0800107c      0x138 ./Core/Src/main.o
                0x0800107c                lis3dh_read_data_polling
 .text.theCode  0x080011b4       0x7c ./Core/Src/main.o
                0x080011b4                theCode
 .text.allState
                0x08001230       0x84 ./Core/Src/main.o
                0x08001230                allState
 .text.twiScan  0x080012b4       0x54 ./Core/Src/main.o
                0x080012b4                twiScan
 .text.buttonsNlights
                0x08001308       0xac ./Core/Src/main.o
                0x08001308                buttonsNlights
 .text.main     0x080013b4      0x118 ./Core/Src/main.o
                0x080013b4                main
 .text.SystemClock_Config
                0x080014cc       0xae ./Core/Src/main.o
                0x080014cc                SystemClock_Config
 .text.Error_Handler
                0x0800157a        0xc ./Core/Src/main.o
                0x0800157a                Error_Handler
 *fill*         0x08001586        0x2 
 .text.HAL_MspInit
                0x08001588       0x48 ./Core/Src/stm32f0xx_hal_msp.o
                0x08001588                HAL_MspInit
 .text.NMI_Handler
                0x080015d0        0x8 ./Core/Src/stm32f0xx_it.o
                0x080015d0                NMI_Handler
 .text.HardFault_Handler
                0x080015d8        0x8 ./Core/Src/stm32f0xx_it.o
                0x080015d8                HardFault_Handler
 .text.SVC_Handler
                0x080015e0        0xa ./Core/Src/stm32f0xx_it.o
                0x080015e0                SVC_Handler
 .text.PendSV_Handler
                0x080015ea        0xa ./Core/Src/stm32f0xx_it.o
                0x080015ea                PendSV_Handler
 .text.SysTick_Handler
                0x080015f4        0xe ./Core/Src/stm32f0xx_it.o
                0x080015f4                SysTick_Handler
 .text.SystemInit
                0x08001602        0xa ./Core/Src/system_stm32f0xx.o
                0x08001602                SystemInit
 .text.Reset_Handler
                0x0800160c       0x50 ./Core/Startup/startup_stm32f030k6tx.o
                0x0800160c                Reset_Handler
 .text.Default_Handler
                0x0800165c        0x2 ./Core/Startup/startup_stm32f030k6tx.o
                0x0800165c                TIM1_CC_IRQHandler
                0x0800165c                I2C1_IRQHandler
                0x0800165c                SPI1_IRQHandler
                0x0800165c                EXTI2_3_IRQHandler
                0x0800165c                ADC1_IRQHandler
                0x0800165c                TIM17_IRQHandler
                0x0800165c                RTC_IRQHandler
                0x0800165c                TIM16_IRQHandler
                0x0800165c                TIM3_IRQHandler
                0x0800165c                EXTI4_15_IRQHandler
                0x0800165c                RCC_IRQHandler
                0x0800165c                DMA1_Channel1_IRQHandler
                0x0800165c                Default_Handler
                0x0800165c                TIM14_IRQHandler
                0x0800165c                DMA1_Channel4_5_IRQHandler
                0x0800165c                EXTI0_1_IRQHandler
                0x0800165c                WWDG_IRQHandler
                0x0800165c                DMA1_Channel2_3_IRQHandler
                0x0800165c                FLASH_IRQHandler
                0x0800165c                USART1_IRQHandler
                0x0800165c                TIM1_BRK_UP_TRG_COM_IRQHandler
 *fill*         0x0800165e        0x2 
 .text.HAL_Init
                0x08001660       0x28 ./Drivers/STM32F0xx_HAL_Driver/stm32f0xx_hal.o
                0x08001660                HAL_Init
 .text.HAL_InitTick
                0x08001688       0x68 ./Drivers/STM32F0xx_HAL_Driver/stm32f0xx_hal.o
                0x08001688                HAL_InitTick
 .text.HAL_IncTick
                0x080016f0       0x24 ./Drivers/STM32F0xx_HAL_Driver/stm32f0xx_hal.o
                0x080016f0                HAL_IncTick
 .text.HAL_GetTick
                0x08001714       0x14 ./Drivers/STM32F0xx_HAL_Driver/stm32f0xx_hal.o
                0x08001714                HAL_GetTick
 .text.HAL_Delay
                0x08001728       0x48 ./Drivers/STM32F0xx_HAL_Driver/stm32f0xx_hal.o
                0x08001728                HAL_Delay
 .text.__NVIC_SetPriority
                0x08001770       0xdc ./Drivers/STM32F0xx_HAL_Driver/stm32f0xx_hal_cortex.o
 .text.SysTick_Config
                0x0800184c       0x48 ./Drivers/STM32F0xx_HAL_Driver/stm32f0xx_hal_cortex.o
 .text.HAL_NVIC_SetPriority
                0x08001894       0x2a ./Drivers/STM32F0xx_HAL_Driver/stm32f0xx_hal_cortex.o
                0x08001894                HAL_NVIC_SetPriority
 .text.HAL_SYSTICK_Config
                0x080018be       0x1a ./Drivers/STM32F0xx_HAL_Driver/stm32f0xx_hal_cortex.o
                0x080018be                HAL_SYSTICK_Config
 .text.HAL_GPIO_Init
                0x080018d8      0x2e0 ./Drivers/STM32F0xx_HAL_Driver/stm32f0xx_hal_gpio.o
                0x080018d8                HAL_GPIO_Init
 .text.HAL_GPIO_ReadPin
                0x08001bb8       0x3a ./Drivers/STM32F0xx_HAL_Driver/stm32f0xx_hal_gpio.o
                0x08001bb8                HAL_GPIO_ReadPin
 .text.HAL_GPIO_WritePin
                0x08001bf2       0x3a ./Drivers/STM32F0xx_HAL_Driver/stm32f0xx_hal_gpio.o
                0x08001bf2                HAL_GPIO_WritePin
 .text.HAL_GPIO_TogglePin
                0x08001c2c       0x36 ./Drivers/STM32F0xx_HAL_Driver/stm32f0xx_hal_gpio.o
                0x08001c2c                HAL_GPIO_TogglePin
 *fill*         0x08001c62        0x2 
 .text.HAL_I2C_Init
                0x08001c64      0x14c ./Drivers/STM32F0xx_HAL_Driver/stm32f0xx_hal_i2c.o
                0x08001c64                HAL_I2C_Init
 .text.HAL_I2C_Mem_Write
                0x08001db0      0x25c ./Drivers/STM32F0xx_HAL_Driver/stm32f0xx_hal_i2c.o
                0x08001db0                HAL_I2C_Mem_Write
 .text.HAL_I2C_Mem_Read
                0x0800200c      0x268 ./Drivers/STM32F0xx_HAL_Driver/stm32f0xx_hal_i2c.o
                0x0800200c                HAL_I2C_Mem_Read
 .text.HAL_I2C_IsDeviceReady
                0x08002274      0x1f8 ./Drivers/STM32F0xx_HAL_Driver/stm32f0xx_hal_i2c.o
                0x08002274                HAL_I2C_IsDeviceReady
 .text.I2C_RequestMemoryWrite
                0x0800246c       0xc8 ./Drivers/STM32F0xx_HAL_Driver/stm32f0xx_hal_i2c.o
 .text.I2C_RequestMemoryRead
                0x08002534       0xc4 ./Drivers/STM32F0xx_HAL_Driver/stm32f0xx_hal_i2c.o
 .text.I2C_Flush_TXDR
                0x080025f8       0x44 ./Drivers/STM32F0xx_HAL_Driver/stm32f0xx_hal_i2c.o
 .text.I2C_WaitOnFlagUntilTimeout
                0x0800263c       0xb0 ./Drivers/STM32F0xx_HAL_Driver/stm32f0xx_hal_i2c.o
 .text.I2C_WaitOnTXISFlagUntilTimeout
                0x080026ec       0x8c ./Drivers/STM32F0xx_HAL_Driver/stm32f0xx_hal_i2c.o
 .text.I2C_WaitOnSTOPFlagUntilTimeout
                0x08002778       0x86 ./Drivers/STM32F0xx_HAL_Driver/stm32f0xx_hal_i2c.o
 *fill*         0x080027fe        0x2 
 .text.I2C_IsErrorOccurred
                0x08002800      0x1f0 ./Drivers/STM32F0xx_HAL_Driver/stm32f0xx_hal_i2c.o
 .text.I2C_TransferConfig
                0x080029f0       0x74 ./Drivers/STM32F0xx_HAL_Driver/stm32f0xx_hal_i2c.o
 .text.HAL_I2CEx_ConfigAnalogFilter
                0x08002a64       0x98 ./Drivers/STM32F0xx_HAL_Driver/stm32f0xx_hal_i2c_ex.o
                0x08002a64                HAL_I2CEx_ConfigAnalogFilter
 .text.HAL_I2CEx_ConfigDigitalFilter
                0x08002afc       0x98 ./Drivers/STM32F0xx_HAL_Driver/stm32f0xx_hal_i2c_ex.o
                0x08002afc                HAL_I2CEx_ConfigDigitalFilter
 .text.HAL_RCC_OscConfig
                0x08002b94      0x634 ./Drivers/STM32F0xx_HAL_Driver/stm32f0xx_hal_rcc.o
                0x08002b94                HAL_RCC_OscConfig
 .text.HAL_RCC_ClockConfig
                0x080031c8      0x19c ./Drivers/STM32F0xx_HAL_Driver/stm32f0xx_hal_rcc.o
                0x080031c8                HAL_RCC_ClockConfig
 .text.HAL_RCC_GetSysClockFreq
                0x08003364       0xac ./Drivers/STM32F0xx_HAL_Driver/stm32f0xx_hal_rcc.o
                0x08003364                HAL_RCC_GetSysClockFreq
 .text.HAL_RCCEx_PeriphCLKConfig
                0x08003410      0x19c ./Drivers/STM32F0xx_HAL_Driver/stm32f0xx_hal_rcc_ex.o
                0x08003410                HAL_RCCEx_PeriphCLKConfig
 .text.memset   0x080035ac       0x10 C:/ST/STM32CubeIDE_1.15.1/STM32CubeIDE/plugins/com.st.stm32cube.ide.mcu.externaltools.gnu-tools-for-stm32.12.3.rel1.win32_1.0.100.202403111256/tools/bin/../lib/gcc/arm-none-eabi/12.3.1/../../../../arm-none-eabi/lib/thumb/v6-m/nofp\libc_nano.a(libc_a-memset.o)
                0x080035ac                memset
 .text.__libc_init_array
                0x080035bc       0x48 C:/ST/STM32CubeIDE_1.15.1/STM32CubeIDE/plugins/com.st.stm32cube.ide.mcu.externaltools.gnu-tools-for-stm32.12.3.rel1.win32_1.0.100.202403111256/tools/bin/../lib/gcc/arm-none-eabi/12.3.1/../../../../arm-none-eabi/lib/thumb/v6-m/nofp\libc_nano.a(libc_a-init.o)
                0x080035bc                __libc_init_array
 *(.glue_7)
 .glue_7        0x08003604        0x0 linker stubs
 *(.glue_7t)
 .glue_7t       0x08003604        0x0 linker stubs
 *(.eh_frame)
 .eh_frame      0x08003604        0x0 C:/ST/STM32CubeIDE_1.15.1/STM32CubeIDE/plugins/com.st.stm32cube.ide.mcu.externaltools.gnu-tools-for-stm32.12.3.rel1.win32_1.0.100.202403111256/tools/bin/../lib/gcc/arm-none-eabi/12.3.1/thumb/v6-m/nofp/crtbegin.o
 *(.init)
 .init          0x08003604        0x4 C:/ST/STM32CubeIDE_1.15.1/STM32CubeIDE/plugins/com.st.stm32cube.ide.mcu.externaltools.gnu-tools-for-stm32.12.3.rel1.win32_1.0.100.202403111256/tools/bin/../lib/gcc/arm-none-eabi/12.3.1/thumb/v6-m/nofp/crti.o
                0x08003604                _init
 .init          0x08003608        0x8 C:/ST/STM32CubeIDE_1.15.1/STM32CubeIDE/plugins/com.st.stm32cube.ide.mcu.externaltools.gnu-tools-for-stm32.12.3.rel1.win32_1.0.100.202403111256/tools/bin/../lib/gcc/arm-none-eabi/12.3.1/thumb/v6-m/nofp/crtn.o
 *(.fini)
 .fini          0x08003610        0x4 C:/ST/STM32CubeIDE_1.15.1/STM32CubeIDE/plugins/com.st.stm32cube.ide.mcu.externaltools.gnu-tools-for-stm32.12.3.rel1.win32_1.0.100.202403111256/tools/bin/../lib/gcc/arm-none-eabi/12.3.1/thumb/v6-m/nofp/crti.o
                0x08003610                _fini
 .fini          0x08003614        0x8 C:/ST/STM32CubeIDE_1.15.1/STM32CubeIDE/plugins/com.st.stm32cube.ide.mcu.externaltools.gnu-tools-for-stm32.12.3.rel1.win32_1.0.100.202403111256/tools/bin/../lib/gcc/arm-none-eabi/12.3.1/thumb/v6-m/nofp/crtn.o
                0x0800361c                        . = ALIGN (0x4)
                0x0800361c                        _etext = .

.vfp11_veneer   0x0800361c        0x0
 .vfp11_veneer  0x0800361c        0x0 linker stubs

.v4_bx          0x0800361c        0x0
 .v4_bx         0x0800361c        0x0 linker stubs

.iplt           0x0800361c        0x0
 .iplt          0x0800361c        0x0 C:/ST/STM32CubeIDE_1.15.1/STM32CubeIDE/plugins/com.st.stm32cube.ide.mcu.externaltools.gnu-tools-for-stm32.12.3.rel1.win32_1.0.100.202403111256/tools/bin/../lib/gcc/arm-none-eabi/12.3.1/thumb/v6-m/nofp/crtbegin.o

.rodata         0x0800361c       0xac
                0x0800361c                        . = ALIGN (0x4)
 *(.rodata)
 .rodata        0x0800361c       0x7c C:/ST/STM32CubeIDE_1.15.1/STM32CubeIDE/plugins/com.st.stm32cube.ide.mcu.externaltools.gnu-tools-for-stm32.12.3.rel1.win32_1.0.100.202403111256/tools/bin/../lib/gcc/arm-none-eabi/12.3.1/thumb/v6-m/nofp\libgcc.a(divsf3.o)
 *(.rodata*)
 .rodata.AHBPrescTable
                0x08003698       0x10 ./Core/Src/system_stm32f0xx.o
                0x08003698                AHBPrescTable
 .rodata.aPLLMULFactorTable.1
                0x080036a8       0x10 ./Drivers/STM32F0xx_HAL_Driver/stm32f0xx_hal_rcc.o
 .rodata.aPredivFactorTable.0
                0x080036b8       0x10 ./Drivers/STM32F0xx_HAL_Driver/stm32f0xx_hal_rcc.o
                0x080036c8                        . = ALIGN (0x4)

.ARM.extab      0x080036c8        0x0
                0x080036c8                        . = ALIGN (0x4)
 *(.ARM.extab* .gnu.linkonce.armextab.*)
                0x080036c8                        . = ALIGN (0x4)

.ARM            0x080036c8        0x0
                0x080036c8                        . = ALIGN (0x4)
                0x080036c8                        __exidx_start = .
 *(.ARM.exidx*)
                0x080036c8                        __exidx_end = .
                0x080036c8                        . = ALIGN (0x4)

.preinit_array  0x080036c8        0x0
                0x080036c8                        . = ALIGN (0x4)
                0x080036c8                        PROVIDE (__preinit_array_start = .)
 *(.preinit_array*)
                0x080036c8                        PROVIDE (__preinit_array_end = .)
                0x080036c8                        . = ALIGN (0x4)

.init_array     0x080036c8        0x4
                0x080036c8                        . = ALIGN (0x4)
                0x080036c8                        PROVIDE (__init_array_start = .)
 *(SORT_BY_NAME(.init_array.*))
 *(.init_array*)
 .init_array    0x080036c8        0x4 C:/ST/STM32CubeIDE_1.15.1/STM32CubeIDE/plugins/com.st.stm32cube.ide.mcu.externaltools.gnu-tools-for-stm32.12.3.rel1.win32_1.0.100.202403111256/tools/bin/../lib/gcc/arm-none-eabi/12.3.1/thumb/v6-m/nofp/crtbegin.o
                0x080036cc                        PROVIDE (__init_array_end = .)
                0x080036cc                        . = ALIGN (0x4)

.fini_array     0x080036cc        0x4
                0x080036cc                        . = ALIGN (0x4)
                [!provide]                        PROVIDE (__fini_array_start = .)
 *(SORT_BY_NAME(.fini_array.*))
 *(.fini_array*)
 .fini_array    0x080036cc        0x4 C:/ST/STM32CubeIDE_1.15.1/STM32CubeIDE/plugins/com.st.stm32cube.ide.mcu.externaltools.gnu-tools-for-stm32.12.3.rel1.win32_1.0.100.202403111256/tools/bin/../lib/gcc/arm-none-eabi/12.3.1/thumb/v6-m/nofp/crtbegin.o
                [!provide]                        PROVIDE (__fini_array_end = .)
                0x080036d0                        . = ALIGN (0x4)
                0x080036d0                        _sidata = LOADADDR (.data)

.rel.dyn        0x080036d0        0x0
 .rel.iplt      0x080036d0        0x0 C:/ST/STM32CubeIDE_1.15.1/STM32CubeIDE/plugins/com.st.stm32cube.ide.mcu.externaltools.gnu-tools-for-stm32.12.3.rel1.win32_1.0.100.202403111256/tools/bin/../lib/gcc/arm-none-eabi/12.3.1/thumb/v6-m/nofp/crtbegin.o

.data           0x20000000       0x10 load address 0x080036d0
                0x20000000                        . = ALIGN (0x4)
                0x20000000                        _sdata = .
 *(.data)
 *(.data*)
 .data.debounce
                0x20000000        0x4 ./Core/Src/main.o
                0x20000000                debounce
 .data.SystemCoreClock
                0x20000004        0x4 ./Core/Src/system_stm32f0xx.o
                0x20000004                SystemCoreClock
 .data.uwTickPrio
                0x20000008        0x4 ./Drivers/STM32F0xx_HAL_Driver/stm32f0xx_hal.o
                0x20000008                uwTickPrio
 .data.uwTickFreq
                0x2000000c        0x1 ./Drivers/STM32F0xx_HAL_Driver/stm32f0xx_hal.o
                0x2000000c                uwTickFreq
 *(.RamFunc)
 *(.RamFunc*)
                0x20000010                        . = ALIGN (0x4)
 *fill*         0x2000000d        0x3 
                0x20000010                        _edata = .

.igot.plt       0x20000010        0x0 load address 0x080036e0
 .igot.plt      0x20000010        0x0 C:/ST/STM32CubeIDE_1.15.1/STM32CubeIDE/plugins/com.st.stm32cube.ide.mcu.externaltools.gnu-tools-for-stm32.12.3.rel1.win32_1.0.100.202403111256/tools/bin/../lib/gcc/arm-none-eabi/12.3.1/thumb/v6-m/nofp/crtbegin.o
                0x20000010                        . = ALIGN (0x4)

.bss            0x20000010       0x90 load address 0x080036e0
                0x20000010                        _sbss = .
                0x20000010                        __bss_start__ = _sbss
 *(.bss)
 .bss           0x20000010       0x1c C:/ST/STM32CubeIDE_1.15.1/STM32CubeIDE/plugins/com.st.stm32cube.ide.mcu.externaltools.gnu-tools-for-stm32.12.3.rel1.win32_1.0.100.202403111256/tools/bin/../lib/gcc/arm-none-eabi/12.3.1/thumb/v6-m/nofp/crtbegin.o
 *(.bss*)
 .bss.hi2c1     0x2000002c       0x54 ./Core/Src/i2c.o
                0x2000002c                hi2c1
 .bss.data_raw_acceleration
                0x20000080        0x6 ./Core/Src/main.o
 .bss.data_raw_temperature
                0x20000086        0x2 ./Core/Src/main.o
 .bss.acceleration_mg
                0x20000088        0xc ./Core/Src/main.o
 .bss.temperature_degC
                0x20000094        0x4 ./Core/Src/main.o
 .bss.whoamI    0x20000098        0x1 ./Core/Src/main.o
 *fill*         0x20000099        0x3 
 .bss.uwTick    0x2000009c        0x4 ./Drivers/STM32F0xx_HAL_Driver/stm32f0xx_hal.o
                0x2000009c                uwTick
 *(COMMON)
                0x200000a0                        . = ALIGN (0x4)
                0x200000a0                        _ebss = .
                0x200000a0                        __bss_end__ = _ebss

._user_heap_stack
                0x200000a0      0x600 load address 0x080036e0
                0x200000a0                        . = ALIGN (0x8)
                [!provide]                        PROVIDE (end = .)
                0x200000a0                        PROVIDE (_end = .)
                0x200002a0                        . = (. + _Min_Heap_Size)
 *fill*         0x200000a0      0x200 
                0x200006a0                        . = (. + _Min_Stack_Size)
 *fill*         0x200002a0      0x400 
                0x200006a0                        . = ALIGN (0x8)

/DISCARD/
 libc.a(*)
 libm.a(*)
 libgcc.a(*)

.ARM.attributes
                0x00000000       0x28
 *(.ARM.attributes)
 .ARM.attributes
                0x00000000       0x1e C:/ST/STM32CubeIDE_1.15.1/STM32CubeIDE/plugins/com.st.stm32cube.ide.mcu.externaltools.gnu-tools-for-stm32.12.3.rel1.win32_1.0.100.202403111256/tools/bin/../lib/gcc/arm-none-eabi/12.3.1/thumb/v6-m/nofp/crti.o
 .ARM.attributes
                0x0000001e       0x2c C:/ST/STM32CubeIDE_1.15.1/STM32CubeIDE/plugins/com.st.stm32cube.ide.mcu.externaltools.gnu-tools-for-stm32.12.3.rel1.win32_1.0.100.202403111256/tools/bin/../lib/gcc/arm-none-eabi/12.3.1/thumb/v6-m/nofp/crtbegin.o
 .ARM.attributes
                0x0000004a       0x2c ./Core/Src/gpio.o
 .ARM.attributes
                0x00000076       0x2c ./Core/Src/i2c.o
 .ARM.attributes
                0x000000a2       0x2c ./Core/Src/lis3dh_reg.o
 .ARM.attributes
                0x000000ce       0x2c ./Core/Src/main.o
 .ARM.attributes
                0x000000fa       0x2c ./Core/Src/stm32f0xx_hal_msp.o
 .ARM.attributes
                0x00000126       0x2c ./Core/Src/stm32f0xx_it.o
 .ARM.attributes
                0x00000152       0x2c ./Core/Src/system_stm32f0xx.o
 .ARM.attributes
                0x0000017e       0x21 ./Core/Startup/startup_stm32f030k6tx.o
 .ARM.attributes
                0x0000019f       0x2c ./Drivers/STM32F0xx_HAL_Driver/stm32f0xx_hal.o
 .ARM.attributes
                0x000001cb       0x2c ./Drivers/STM32F0xx_HAL_Driver/stm32f0xx_hal_cortex.o
 .ARM.attributes
                0x000001f7       0x2c ./Drivers/STM32F0xx_HAL_Driver/stm32f0xx_hal_gpio.o
 .ARM.attributes
                0x00000223       0x2c ./Drivers/STM32F0xx_HAL_Driver/stm32f0xx_hal_i2c.o
 .ARM.attributes
                0x0000024f       0x2c ./Drivers/STM32F0xx_HAL_Driver/stm32f0xx_hal_i2c_ex.o
 .ARM.attributes
                0x0000027b       0x2c ./Drivers/STM32F0xx_HAL_Driver/stm32f0xx_hal_rcc.o
 .ARM.attributes
                0x000002a7       0x2c ./Drivers/STM32F0xx_HAL_Driver/stm32f0xx_hal_rcc_ex.o
 .ARM.attributes
                0x000002d3       0x2c C:/ST/STM32CubeIDE_1.15.1/STM32CubeIDE/plugins/com.st.stm32cube.ide.mcu.externaltools.gnu-tools-for-stm32.12.3.rel1.win32_1.0.100.202403111256/tools/bin/../lib/gcc/arm-none-eabi/12.3.1/../../../../arm-none-eabi/lib/thumb/v6-m/nofp\libc_nano.a(libc_a-memset.o)
 .ARM.attributes
                0x000002ff       0x2c C:/ST/STM32CubeIDE_1.15.1/STM32CubeIDE/plugins/com.st.stm32cube.ide.mcu.externaltools.gnu-tools-for-stm32.12.3.rel1.win32_1.0.100.202403111256/tools/bin/../lib/gcc/arm-none-eabi/12.3.1/../../../../arm-none-eabi/lib/thumb/v6-m/nofp\libc_nano.a(libc_a-init.o)
 .ARM.attributes
                0x0000032b       0x1e C:/ST/STM32CubeIDE_1.15.1/STM32CubeIDE/plugins/com.st.stm32cube.ide.mcu.externaltools.gnu-tools-for-stm32.12.3.rel1.win32_1.0.100.202403111256/tools/bin/../lib/gcc/arm-none-eabi/12.3.1/thumb/v6-m/nofp\libgcc.a(_udivsi3.o)
 .ARM.attributes
                0x00000349       0x1e C:/ST/STM32CubeIDE_1.15.1/STM32CubeIDE/plugins/com.st.stm32cube.ide.mcu.externaltools.gnu-tools-for-stm32.12.3.rel1.win32_1.0.100.202403111256/tools/bin/../lib/gcc/arm-none-eabi/12.3.1/thumb/v6-m/nofp\libgcc.a(_dvmd_tls.o)
 .ARM.attributes
                0x00000367       0x2c C:/ST/STM32CubeIDE_1.15.1/STM32CubeIDE/plugins/com.st.stm32cube.ide.mcu.externaltools.gnu-tools-for-stm32.12.3.rel1.win32_1.0.100.202403111256/tools/bin/../lib/gcc/arm-none-eabi/12.3.1/thumb/v6-m/nofp\libgcc.a(addsf3.o)
 .ARM.attributes
                0x00000393       0x2c C:/ST/STM32CubeIDE_1.15.1/STM32CubeIDE/plugins/com.st.stm32cube.ide.mcu.externaltools.gnu-tools-for-stm32.12.3.rel1.win32_1.0.100.202403111256/tools/bin/../lib/gcc/arm-none-eabi/12.3.1/thumb/v6-m/nofp\libgcc.a(divsf3.o)
 .ARM.attributes
                0x000003bf       0x2c C:/ST/STM32CubeIDE_1.15.1/STM32CubeIDE/plugins/com.st.stm32cube.ide.mcu.externaltools.gnu-tools-for-stm32.12.3.rel1.win32_1.0.100.202403111256/tools/bin/../lib/gcc/arm-none-eabi/12.3.1/thumb/v6-m/nofp\libgcc.a(floatsisf.o)
 .ARM.attributes
                0x000003eb       0x1e C:/ST/STM32CubeIDE_1.15.1/STM32CubeIDE/plugins/com.st.stm32cube.ide.mcu.externaltools.gnu-tools-for-stm32.12.3.rel1.win32_1.0.100.202403111256/tools/bin/../lib/gcc/arm-none-eabi/12.3.1/thumb/v6-m/nofp\libgcc.a(_clzsi2.o)
 .ARM.attributes
                0x00000409       0x1e C:/ST/STM32CubeIDE_1.15.1/STM32CubeIDE/plugins/com.st.stm32cube.ide.mcu.externaltools.gnu-tools-for-stm32.12.3.rel1.win32_1.0.100.202403111256/tools/bin/../lib/gcc/arm-none-eabi/12.3.1/thumb/v6-m/nofp/crtn.o
OUTPUT(The WatchDog.elf elf32-littlearm)
LOAD linker stubs
LOAD C:/ST/STM32CubeIDE_1.15.1/STM32CubeIDE/plugins/com.st.stm32cube.ide.mcu.externaltools.gnu-tools-for-stm32.12.3.rel1.win32_1.0.100.202403111256/tools/bin/../lib/gcc/arm-none-eabi/12.3.1/../../../../arm-none-eabi/lib/thumb/v6-m/nofp\libc.a
LOAD C:/ST/STM32CubeIDE_1.15.1/STM32CubeIDE/plugins/com.st.stm32cube.ide.mcu.externaltools.gnu-tools-for-stm32.12.3.rel1.win32_1.0.100.202403111256/tools/bin/../lib/gcc/arm-none-eabi/12.3.1/../../../../arm-none-eabi/lib/thumb/v6-m/nofp\libm.a
LOAD C:/ST/STM32CubeIDE_1.15.1/STM32CubeIDE/plugins/com.st.stm32cube.ide.mcu.externaltools.gnu-tools-for-stm32.12.3.rel1.win32_1.0.100.202403111256/tools/bin/../lib/gcc/arm-none-eabi/12.3.1/thumb/v6-m/nofp\libgcc.a

.debug_info     0x00000000     0xa318
 .debug_info    0x00000000      0x325 ./Core/Src/gpio.o
 .debug_info    0x00000325      0x8d3 ./Core/Src/i2c.o
 .debug_info    0x00000bf8     0x2fb5 ./Core/Src/lis3dh_reg.o
 .debug_info    0x00003bad     0x1ba7 ./Core/Src/main.o
 .debug_info    0x00005754      0x199 ./Core/Src/stm32f0xx_hal_msp.o
 .debug_info    0x000058ed       0xd3 ./Core/Src/stm32f0xx_it.o
 .debug_info    0x000059c0      0x242 ./Core/Src/system_stm32f0xx.o
 .debug_info    0x00005c02       0x30 ./Core/Startup/startup_stm32f030k6tx.o
 .debug_info    0x00005c32      0x652 ./Drivers/STM32F0xx_HAL_Driver/stm32f0xx_hal.o
 .debug_info    0x00006284      0x67d ./Drivers/STM32F0xx_HAL_Driver/stm32f0xx_hal_cortex.o
 .debug_info    0x00006901      0x5c8 ./Drivers/STM32F0xx_HAL_Driver/stm32f0xx_hal_gpio.o
 .debug_info    0x00006ec9     0x20cd ./Drivers/STM32F0xx_HAL_Driver/stm32f0xx_hal_i2c.o
 .debug_info    0x00008f96      0x7e1 ./Drivers/STM32F0xx_HAL_Driver/stm32f0xx_hal_i2c_ex.o
 .debug_info    0x00009777      0x844 ./Drivers/STM32F0xx_HAL_Driver/stm32f0xx_hal_rcc.o
 .debug_info    0x00009fbb      0x35d ./Drivers/STM32F0xx_HAL_Driver/stm32f0xx_hal_rcc_ex.o

.debug_abbrev   0x00000000     0x1a4d
 .debug_abbrev  0x00000000      0x14d ./Core/Src/gpio.o
 .debug_abbrev  0x0000014d      0x215 ./Core/Src/i2c.o
 .debug_abbrev  0x00000362      0x224 ./Core/Src/lis3dh_reg.o
 .debug_abbrev  0x00000586      0x373 ./Core/Src/main.o
 .debug_abbrev  0x000008f9       0xc6 ./Core/Src/stm32f0xx_hal_msp.o
 .debug_abbrev  0x000009bf       0x73 ./Core/Src/stm32f0xx_it.o
 .debug_abbrev  0x00000a32      0x11c ./Core/Src/system_stm32f0xx.o
 .debug_abbrev  0x00000b4e       0x24 ./Core/Startup/startup_stm32f030k6tx.o
 .debug_abbrev  0x00000b72      0x24b ./Drivers/STM32F0xx_HAL_Driver/stm32f0xx_hal.o
 .debug_abbrev  0x00000dbd      0x28c ./Drivers/STM32F0xx_HAL_Driver/stm32f0xx_hal_cortex.o
 .debug_abbrev  0x00001049      0x1c6 ./Drivers/STM32F0xx_HAL_Driver/stm32f0xx_hal_gpio.o
 .debug_abbrev  0x0000120f      0x270 ./Drivers/STM32F0xx_HAL_Driver/stm32f0xx_hal_i2c.o
 .debug_abbrev  0x0000147f      0x1d4 ./Drivers/STM32F0xx_HAL_Driver/stm32f0xx_hal_i2c_ex.o
 .debug_abbrev  0x00001653      0x28b ./Drivers/STM32F0xx_HAL_Driver/stm32f0xx_hal_rcc.o
 .debug_abbrev  0x000018de      0x16f ./Drivers/STM32F0xx_HAL_Driver/stm32f0xx_hal_rcc_ex.o

.debug_aranges  0x00000000      0xa88
 .debug_aranges
                0x00000000       0x20 ./Core/Src/gpio.o
 .debug_aranges
                0x00000020       0x30 ./Core/Src/i2c.o
 .debug_aranges
                0x00000050      0x3a0 ./Core/Src/lis3dh_reg.o
 .debug_aranges
                0x000003f0       0x78 ./Core/Src/main.o
 .debug_aranges
                0x00000468       0x20 ./Core/Src/stm32f0xx_hal_msp.o
 .debug_aranges
                0x00000488       0x40 ./Core/Src/stm32f0xx_it.o
 .debug_aranges
                0x000004c8       0x28 ./Core/Src/system_stm32f0xx.o
 .debug_aranges
                0x000004f0       0x28 ./Core/Startup/startup_stm32f030k6tx.o
 .debug_aranges
                0x00000518       0xd0 ./Drivers/STM32F0xx_HAL_Driver/stm32f0xx_hal.o
 .debug_aranges
                0x000005e8       0xc0 ./Drivers/STM32F0xx_HAL_Driver/stm32f0xx_hal_cortex.o
 .debug_aranges
                0x000006a8       0x58 ./Drivers/STM32F0xx_HAL_Driver/stm32f0xx_hal_gpio.o
 .debug_aranges
                0x00000700      0x2a0 ./Drivers/STM32F0xx_HAL_Driver/stm32f0xx_hal_i2c.o
 .debug_aranges
                0x000009a0       0x38 ./Drivers/STM32F0xx_HAL_Driver/stm32f0xx_hal_i2c_ex.o
 .debug_aranges
                0x000009d8       0x80 ./Drivers/STM32F0xx_HAL_Driver/stm32f0xx_hal_rcc.o
 .debug_aranges
                0x00000a58       0x30 ./Drivers/STM32F0xx_HAL_Driver/stm32f0xx_hal_rcc_ex.o

.debug_rnglists
                0x00000000      0x7ee
 .debug_rnglists
                0x00000000       0x14 ./Core/Src/gpio.o
 .debug_rnglists
                0x00000014       0x21 ./Core/Src/i2c.o
 .debug_rnglists
                0x00000035      0x2b9 ./Core/Src/lis3dh_reg.o
 .debug_rnglists
                0x000002ee       0x5b ./Core/Src/main.o
 .debug_rnglists
                0x00000349       0x13 ./Core/Src/stm32f0xx_hal_msp.o
 .debug_rnglists
                0x0000035c       0x2b ./Core/Src/stm32f0xx_it.o
 .debug_rnglists
                0x00000387       0x1a ./Core/Src/system_stm32f0xx.o
 .debug_rnglists
                0x000003a1       0x19 ./Core/Startup/startup_stm32f030k6tx.o
 .debug_rnglists
                0x000003ba       0x97 ./Drivers/STM32F0xx_HAL_Driver/stm32f0xx_hal.o
 .debug_rnglists
                0x00000451       0x8c ./Drivers/STM32F0xx_HAL_Driver/stm32f0xx_hal_cortex.o
 .debug_rnglists
                0x000004dd       0x3f ./Drivers/STM32F0xx_HAL_Driver/stm32f0xx_hal_gpio.o
 .debug_rnglists
                0x0000051c      0x229 ./Drivers/STM32F0xx_HAL_Driver/stm32f0xx_hal_i2c.o
 .debug_rnglists
                0x00000745       0x27 ./Drivers/STM32F0xx_HAL_Driver/stm32f0xx_hal_i2c_ex.o
 .debug_rnglists
                0x0000076c       0x61 ./Drivers/STM32F0xx_HAL_Driver/stm32f0xx_hal_rcc.o
 .debug_rnglists
                0x000007cd       0x21 ./Drivers/STM32F0xx_HAL_Driver/stm32f0xx_hal_rcc_ex.o

.debug_macro    0x00000000     0xf816
 .debug_macro   0x00000000      0x1ad ./Core/Src/gpio.o
 .debug_macro   0x000001ad      0xa8a ./Core/Src/gpio.o
 .debug_macro   0x00000c37      0x127 ./Core/Src/gpio.o
 .debug_macro   0x00000d5e       0x2e ./Core/Src/gpio.o
 .debug_macro   0x00000d8c       0x22 ./Core/Src/gpio.o
 .debug_macro   0x00000dae       0x22 ./Core/Src/gpio.o
 .debug_macro   0x00000dd0       0x8e ./Core/Src/gpio.o
 .debug_macro   0x00000e5e       0x51 ./Core/Src/gpio.o
 .debug_macro   0x00000eaf      0x103 ./Core/Src/gpio.o
 .debug_macro   0x00000fb2       0x6a ./Core/Src/gpio.o
 .debug_macro   0x0000101c      0x1df ./Core/Src/gpio.o
 .debug_macro   0x000011fb       0x1c ./Core/Src/gpio.o
 .debug_macro   0x00001217       0x22 ./Core/Src/gpio.o
 .debug_macro   0x00001239       0xaf ./Core/Src/gpio.o
 .debug_macro   0x000012e8      0x391 ./Core/Src/gpio.o
 .debug_macro   0x00001679     0x6e6e ./Core/Src/gpio.o
 .debug_macro   0x000084e7       0x66 ./Core/Src/gpio.o
 .debug_macro   0x0000854d     0x34da ./Core/Src/gpio.o
 .debug_macro   0x0000ba27      0x189 ./Core/Src/gpio.o
 .debug_macro   0x0000bbb0       0x55 ./Core/Src/gpio.o
 .debug_macro   0x0000bc05      0x924 ./Core/Src/gpio.o
 .debug_macro   0x0000c529       0xe5 ./Core/Src/gpio.o
 .debug_macro   0x0000c60e      0x1ae ./Core/Src/gpio.o
 .debug_macro   0x0000c7bc       0xb3 ./Core/Src/gpio.o
 .debug_macro   0x0000c86f      0x1a0 ./Core/Src/gpio.o
 .debug_macro   0x0000ca0f      0x1ed ./Core/Src/gpio.o
 .debug_macro   0x0000cbfc       0x34 ./Core/Src/gpio.o
 .debug_macro   0x0000cc30       0x43 ./Core/Src/gpio.o
 .debug_macro   0x0000cc73       0x28 ./Core/Src/gpio.o
 .debug_macro   0x0000cc9b       0xb0 ./Core/Src/gpio.o
 .debug_macro   0x0000cd4b      0x15a ./Core/Src/gpio.o
 .debug_macro   0x0000cea5      0x22c ./Core/Src/gpio.o
 .debug_macro   0x0000d0d1       0x61 ./Core/Src/gpio.o
 .debug_macro   0x0000d132       0xa5 ./Core/Src/gpio.o
 .debug_macro   0x0000d1d7       0x4c ./Core/Src/gpio.o
 .debug_macro   0x0000d223       0x2b ./Core/Src/gpio.o
 .debug_macro   0x0000d24e       0xf1 ./Core/Src/gpio.o
 .debug_macro   0x0000d33f      0x1ad ./Core/Src/i2c.o
 .debug_macro   0x0000d4ec      0x126 ./Core/Src/lis3dh_reg.o
 .debug_macro   0x0000d612       0x61 ./Core/Src/lis3dh_reg.o
 .debug_macro   0x0000d673       0x24 ./Core/Src/lis3dh_reg.o
 .debug_macro   0x0000d697       0x43 ./Core/Src/lis3dh_reg.o
 .debug_macro   0x0000d6da       0x34 ./Core/Src/lis3dh_reg.o
 .debug_macro   0x0000d70e       0x16 ./Core/Src/lis3dh_reg.o
 .debug_macro   0x0000d724       0x43 ./Core/Src/lis3dh_reg.o
 .debug_macro   0x0000d767       0x34 ./Core/Src/lis3dh_reg.o
 .debug_macro   0x0000d79b       0x10 ./Core/Src/lis3dh_reg.o
 .debug_macro   0x0000d7ab       0x58 ./Core/Src/lis3dh_reg.o
 .debug_macro   0x0000d803       0x8e ./Core/Src/lis3dh_reg.o
 .debug_macro   0x0000d891       0x1c ./Core/Src/lis3dh_reg.o
 .debug_macro   0x0000d8ad      0x177 ./Core/Src/lis3dh_reg.o
 .debug_macro   0x0000da24      0x369 ./Core/Src/lis3dh_reg.o
 .debug_macro   0x0000dd8d      0x19b ./Core/Src/lis3dh_reg.o
 .debug_macro   0x0000df28      0x171 ./Core/Src/lis3dh_reg.o
 .debug_macro   0x0000e099      0x2e3 ./Core/Src/main.o
 .debug_macro   0x0000e37c      0x16a ./Core/Src/main.o
 .debug_macro   0x0000e4e6       0x16 ./Core/Src/main.o
 .debug_macro   0x0000e4fc       0x35 ./Core/Src/main.o
 .debug_macro   0x0000e531       0x20 ./Core/Src/main.o
 .debug_macro   0x0000e551       0x1c ./Core/Src/main.o
 .debug_macro   0x0000e56d       0x10 ./Core/Src/main.o
 .debug_macro   0x0000e57d       0x1c ./Core/Src/main.o
 .debug_macro   0x0000e599       0x16 ./Core/Src/main.o
 .debug_macro   0x0000e5af      0x146 ./Core/Src/main.o
 .debug_macro   0x0000e6f5      0x1a3 ./Core/Src/stm32f0xx_hal_msp.o
 .debug_macro   0x0000e898      0x1ad ./Core/Src/stm32f0xx_it.o
 .debug_macro   0x0000ea45      0x199 ./Core/Src/system_stm32f0xx.o
 .debug_macro   0x0000ebde      0x1bd ./Drivers/STM32F0xx_HAL_Driver/stm32f0xx_hal.o
 .debug_macro   0x0000ed9b      0x199 ./Drivers/STM32F0xx_HAL_Driver/stm32f0xx_hal_cortex.o
 .debug_macro   0x0000ef34      0x1a0 ./Drivers/STM32F0xx_HAL_Driver/stm32f0xx_hal_gpio.o
 .debug_macro   0x0000f0d4      0x265 ./Drivers/STM32F0xx_HAL_Driver/stm32f0xx_hal_i2c.o
 .debug_macro   0x0000f339      0x199 ./Drivers/STM32F0xx_HAL_Driver/stm32f0xx_hal_i2c_ex.o
 .debug_macro   0x0000f4d2      0x1ab ./Drivers/STM32F0xx_HAL_Driver/stm32f0xx_hal_rcc.o
 .debug_macro   0x0000f67d      0x199 ./Drivers/STM32F0xx_HAL_Driver/stm32f0xx_hal_rcc_ex.o

.debug_line     0x00000000     0xcbee
 .debug_line    0x00000000      0x824 ./Core/Src/gpio.o
 .debug_line    0x00000824      0x867 ./Core/Src/i2c.o
 .debug_line    0x0000108b     0x16c0 ./Core/Src/lis3dh_reg.o
 .debug_line    0x0000274b      0xc42 ./Core/Src/main.o
 .debug_line    0x0000338d      0x7ea ./Core/Src/stm32f0xx_hal_msp.o
 .debug_line    0x00003b77      0x84f ./Core/Src/stm32f0xx_it.o
 .debug_line    0x000043c6      0x85a ./Core/Src/system_stm32f0xx.o
 .debug_line    0x00004c20       0x7b ./Core/Startup/startup_stm32f030k6tx.o
 .debug_line    0x00004c9b      0xa9e ./Drivers/STM32F0xx_HAL_Driver/stm32f0xx_hal.o
 .debug_line    0x00005739      0xb4a ./Drivers/STM32F0xx_HAL_Driver/stm32f0xx_hal_cortex.o
 .debug_line    0x00006283      0xc37 ./Drivers/STM32F0xx_HAL_Driver/stm32f0xx_hal_gpio.o
 .debug_line    0x00006eba     0x3b58 ./Drivers/STM32F0xx_HAL_Driver/stm32f0xx_hal_i2c.o
 .debug_line    0x0000aa12      0x95f ./Drivers/STM32F0xx_HAL_Driver/stm32f0xx_hal_i2c_ex.o
 .debug_line    0x0000b371      0xe83 ./Drivers/STM32F0xx_HAL_Driver/stm32f0xx_hal_rcc.o
 .debug_line    0x0000c1f4      0x9fa ./Drivers/STM32F0xx_HAL_Driver/stm32f0xx_hal_rcc_ex.o

.debug_str      0x00000000    0x5a6dc
 .debug_str     0x00000000    0x528a3 ./Core/Src/gpio.o
                              0x52b22 (size before relaxing)
 .debug_str     0x000528a3      0x48e ./Core/Src/i2c.o
                              0x5301f (size before relaxing)
 .debug_str     0x00052d31     0x5311 ./Core/Src/lis3dh_reg.o
                               0x9334 (size before relaxing)
 .debug_str     0x00058042      0xaca ./Core/Src/main.o
                              0x57f8e (size before relaxing)
 .debug_str     0x00058b0c       0x2c ./Core/Src/stm32f0xx_hal_msp.o
                              0x52a57 (size before relaxing)
 .debug_str     0x00058b38       0x82 ./Core/Src/stm32f0xx_it.o
                              0x52a3f (size before relaxing)
 .debug_str     0x00058bba       0x8b ./Core/Src/system_stm32f0xx.o
                              0x52ab7 (size before relaxing)
 .debug_str     0x00058c45       0x44 ./Core/Startup/startup_stm32f030k6tx.o
                                 0x84 (size before relaxing)
 .debug_str     0x00058c89      0x4c5 ./Drivers/STM32F0xx_HAL_Driver/stm32f0xx_hal.o
                              0x5304f (size before relaxing)
 .debug_str     0x0005914e      0x201 ./Drivers/STM32F0xx_HAL_Driver/stm32f0xx_hal_cortex.o
                              0x52e40 (size before relaxing)
 .debug_str     0x0005934f      0x12d ./Drivers/STM32F0xx_HAL_Driver/stm32f0xx_hal_gpio.o
                              0x52c91 (size before relaxing)
 .debug_str     0x0005947c      0xe86 ./Drivers/STM32F0xx_HAL_Driver/stm32f0xx_hal_i2c.o
                              0x53e4e (size before relaxing)
 .debug_str     0x0005a302       0xc2 ./Drivers/STM32F0xx_HAL_Driver/stm32f0xx_hal_i2c_ex.o
                              0x5301f (size before relaxing)
 .debug_str     0x0005a3c4      0x248 ./Drivers/STM32F0xx_HAL_Driver/stm32f0xx_hal_rcc.o
                              0x52f2c (size before relaxing)
 .debug_str     0x0005a60c       0xd0 ./Drivers/STM32F0xx_HAL_Driver/stm32f0xx_hal_rcc_ex.o
                              0x52c39 (size before relaxing)

.comment        0x00000000       0x43
 .comment       0x00000000       0x43 ./Core/Src/gpio.o
                                 0x44 (size before relaxing)
 .comment       0x00000043       0x44 ./Core/Src/i2c.o
 .comment       0x00000043       0x44 ./Core/Src/lis3dh_reg.o
 .comment       0x00000043       0x44 ./Core/Src/main.o
 .comment       0x00000043       0x44 ./Core/Src/stm32f0xx_hal_msp.o
 .comment       0x00000043       0x44 ./Core/Src/stm32f0xx_it.o
 .comment       0x00000043       0x44 ./Core/Src/system_stm32f0xx.o
 .comment       0x00000043       0x44 ./Drivers/STM32F0xx_HAL_Driver/stm32f0xx_hal.o
 .comment       0x00000043       0x44 ./Drivers/STM32F0xx_HAL_Driver/stm32f0xx_hal_cortex.o
 .comment       0x00000043       0x44 ./Drivers/STM32F0xx_HAL_Driver/stm32f0xx_hal_gpio.o
 .comment       0x00000043       0x44 ./Drivers/STM32F0xx_HAL_Driver/stm32f0xx_hal_i2c.o
 .comment       0x00000043       0x44 ./Drivers/STM32F0xx_HAL_Driver/stm32f0xx_hal_i2c_ex.o
 .comment       0x00000043       0x44 ./Drivers/STM32F0xx_HAL_Driver/stm32f0xx_hal_rcc.o
 .comment       0x00000043       0x44 ./Drivers/STM32F0xx_HAL_Driver/stm32f0xx_hal_rcc_ex.o

.debug_frame    0x00000000     0x25d8
 .debug_frame   0x00000000       0x30 ./Core/Src/gpio.o
 .debug_frame   0x00000030       0x6c ./Core/Src/i2c.o
 .debug_frame   0x0000009c      0xe38 ./Core/Src/lis3dh_reg.o
 .debug_frame   0x00000ed4      0x190 ./Core/Src/main.o
 .debug_frame   0x00001064       0x30 ./Core/Src/stm32f0xx_hal_msp.o
 .debug_frame   0x00001094       0x9c ./Core/Src/stm32f0xx_it.o
 .debug_frame   0x00001130       0x4c ./Core/Src/system_stm32f0xx.o
 .debug_frame   0x0000117c      0x2a4 ./Drivers/STM32F0xx_HAL_Driver/stm32f0xx_hal.o
 .debug_frame   0x00001420      0x2a0 ./Drivers/STM32F0xx_HAL_Driver/stm32f0xx_hal_cortex.o
 .debug_frame   0x000016c0      0x110 ./Drivers/STM32F0xx_HAL_Driver/stm32f0xx_hal_gpio.o
 .debug_frame   0x000017d0      0xa68 ./Drivers/STM32F0xx_HAL_Driver/stm32f0xx_hal_i2c.o
 .debug_frame   0x00002238       0x90 ./Drivers/STM32F0xx_HAL_Driver/stm32f0xx_hal_i2c_ex.o
 .debug_frame   0x000022c8      0x198 ./Drivers/STM32F0xx_HAL_Driver/stm32f0xx_hal_rcc.o
 .debug_frame   0x00002460       0x70 ./Drivers/STM32F0xx_HAL_Driver/stm32f0xx_hal_rcc_ex.o
 .debug_frame   0x000024d0       0x20 C:/ST/STM32CubeIDE_1.15.1/STM32CubeIDE/plugins/com.st.stm32cube.ide.mcu.externaltools.gnu-tools-for-stm32.12.3.rel1.win32_1.0.100.202403111256/tools/bin/../lib/gcc/arm-none-eabi/12.3.1/../../../../arm-none-eabi/lib/thumb/v6-m/nofp\libc_nano.a(libc_a-memset.o)
 .debug_frame   0x000024f0       0x2c C:/ST/STM32CubeIDE_1.15.1/STM32CubeIDE/plugins/com.st.stm32cube.ide.mcu.externaltools.gnu-tools-for-stm32.12.3.rel1.win32_1.0.100.202403111256/tools/bin/../lib/gcc/arm-none-eabi/12.3.1/../../../../arm-none-eabi/lib/thumb/v6-m/nofp\libc_nano.a(libc_a-init.o)
 .debug_frame   0x0000251c       0x20 C:/ST/STM32CubeIDE_1.15.1/STM32CubeIDE/plugins/com.st.stm32cube.ide.mcu.externaltools.gnu-tools-for-stm32.12.3.rel1.win32_1.0.100.202403111256/tools/bin/../lib/gcc/arm-none-eabi/12.3.1/thumb/v6-m/nofp\libgcc.a(_udivsi3.o)
 .debug_frame   0x0000253c       0x38 C:/ST/STM32CubeIDE_1.15.1/STM32CubeIDE/plugins/com.st.stm32cube.ide.mcu.externaltools.gnu-tools-for-stm32.12.3.rel1.win32_1.0.100.202403111256/tools/bin/../lib/gcc/arm-none-eabi/12.3.1/thumb/v6-m/nofp\libgcc.a(addsf3.o)
 .debug_frame   0x00002574       0x38 C:/ST/STM32CubeIDE_1.15.1/STM32CubeIDE/plugins/com.st.stm32cube.ide.mcu.externaltools.gnu-tools-for-stm32.12.3.rel1.win32_1.0.100.202403111256/tools/bin/../lib/gcc/arm-none-eabi/12.3.1/thumb/v6-m/nofp\libgcc.a(divsf3.o)
 .debug_frame   0x000025ac       0x2c C:/ST/STM32CubeIDE_1.15.1/STM32CubeIDE/plugins/com.st.stm32cube.ide.mcu.externaltools.gnu-tools-for-stm32.12.3.rel1.win32_1.0.100.202403111256/tools/bin/../lib/gcc/arm-none-eabi/12.3.1/thumb/v6-m/nofp\libgcc.a(floatsisf.o)

.debug_line_str
                0x00000000       0x68
 .debug_line_str
                0x00000000       0x68 ./Core/Startup/startup_stm32f030k6tx.o
