../Core/Src/main.c:45:5:theCode	24	static
../Core/Src/main.c:55:6:allState	16	static
../Core/Src/main.c:65:6:BeepX	32	static
../Core/Src/main.c:77:6:buttonsNlights	8	static
../Core/Src/main.c:100:6:ErrorSound	8	static
../Core/Src/main.c:107:6:GoodSound	8	static
../Core/Src/main.c:115:8:twiScan	16	static
../Core/Src/main.c:130:9:platform_write	48	static
../Core/Src/main.c:135:9:platform_read	48	static
../Core/Src/main.c:141:6:platform_delay	16	static
../Core/Src/main.c:146:6:UpdateValues	40	static
../Core/Src/main.c:198:6:TempLightBar	8	static
../Core/Src/main.c:225:6:AccelLightBarX	8	static
../Core/Src/main.c:293:5:main	8	static
../Core/Src/main.c:390:6:SystemClock_Config	96	static
../Core/Src/main.c:436:6:Error_Handler	8	static,ignoring_inline_asm
