../Core/Src/main.c:50:5:theCode	24	static
../Core/Src/main.c:60:5:ButtonToDec	16	static
../Core/Src/main.c:77:6:allState	16	static
../Core/Src/main.c:87:6:BeepX	32	static
../Core/Src/main.c:99:6:buttonsNlights	8	static
../Core/Src/main.c:122:6:ErrorSound	8	static
../Core/Src/main.c:129:6:GoodSound	8	static
../Core/Src/main.c:136:6:BatteryInBinary	8	static
../Core/Src/main.c:149:6:BatteryVoltage	16	static
../Core/Src/main.c:160:8:twiScan	16	static
../Core/Src/main.c:175:9:platform_write	48	static
../Core/Src/main.c:180:9:platform_read	48	static
../Core/Src/main.c:186:6:platform_delay	16	static
../Core/Src/main.c:191:6:UpdateValues	40	static
../Core/Src/main.c:244:5:BarSet	24	static
../Core/Src/main.c:253:6:TempLightBar	8	static
../Core/Src/main.c:268:5:decimalToBinary	24	static
../Core/Src/main.c:278:6:stmSTOP	32	static
../Core/Src/main.c:299:6:AccelDetecting	64	static
../Core/Src/main.c:410:5:main	16	static
../Core/Src/main.c:501:6:SystemClock_Config	96	static
../Core/Src/main.c:549:6:Error_Handler	8	static,ignoring_inline_asm
