../Core/Src/main.c:43:5:theCode	24	static
../Core/Src/main.c:53:6:allState	16	static
../Core/Src/main.c:63:6:BeepX	32	static
../Core/Src/main.c:75:6:buttonsNlights	8	static
../Core/Src/main.c:98:6:ErrorSound	8	static
../Core/Src/main.c:105:6:GoodSound	8	static
../Core/Src/main.c:112:6:twiScan	16	static
../Core/Src/main.c:126:9:platform_write	48	static
../Core/Src/main.c:131:9:platform_read	48	static
../Core/Src/main.c:137:6:platform_delay	16	static
../Core/Src/main.c:142:6:lis3dh_read_data_polling	32	static
../Core/Src/main.c:251:5:main	24	static
../Core/Src/main.c:348:6:SystemClock_Config	96	static
../Core/Src/main.c:394:6:Error_Handler	8	static,ignoring_inline_asm
