../Core/Src/main.c:45:5:theCode	24	static
../Core/Src/main.c:55:5:ButtonToDec	16	static
../Core/Src/main.c:72:6:allState	16	static
../Core/Src/main.c:82:6:BeepX	32	static
../Core/Src/main.c:94:6:buttonsNlights	8	static
../Core/Src/main.c:117:6:ErrorSound	8	static
../Core/Src/main.c:124:6:GoodSound	8	static
../Core/Src/main.c:132:8:twiScan	16	static
../Core/Src/main.c:147:9:platform_write	48	static
../Core/Src/main.c:152:9:platform_read	48	static
../Core/Src/main.c:158:6:platform_delay	16	static
../Core/Src/main.c:163:6:UpdateValues	40	static
../Core/Src/main.c:216:6:BarSet	24	static
../Core/Src/main.c:225:6:TempLightBar	8	static
../Core/Src/main.c:241:6:AccelDetecting	64	static
../Core/Src/main.c:337:5:main	16	static
../Core/Src/main.c:404:6:SystemClock_Config	96	static
../Core/Src/main.c:450:6:Error_Handler	8	static,ignoring_inline_asm
