../Core/Src/main.c:52:5:theCode	24	static
../Core/Src/main.c:62:5:ButtonToDec	16	static
../Core/Src/main.c:79:6:allState	16	static
../Core/Src/main.c:89:6:BeepX	32	static
../Core/Src/main.c:101:6:buttonsNlights	8	static
../Core/Src/main.c:128:6:ErrorSound	8	static
../Core/Src/main.c:135:6:GoodSound	8	static
../Core/Src/main.c:142:6:BatteryInBinary	8	static
../Core/Src/main.c:155:8:twiScan	16	static
../Core/Src/main.c:170:9:platform_write	48	static
../Core/Src/main.c:175:9:platform_read	48	static
../Core/Src/main.c:181:6:platform_delay	16	static
../Core/Src/main.c:186:6:UpdateValues	40	static
../Core/Src/main.c:239:5:BarSet	24	static
../Core/Src/main.c:248:6:TempLightBar	8	static
../Core/Src/main.c:263:5:decimalToBinary	24	static
../Core/Src/main.c:273:6:OnAnimation	16	static
../Core/Src/main.c:296:6:OffAnimation	16	static
../Core/Src/main.c:320:6:stmSTOP	32	static
../Core/Src/main.c:342:6:stmSTANDBY	8	static
../Core/Src/main.c:360:6:BatteryVoltage	24	static
../Core/Src/main.c:432:6:AccelDetectingLights	64	static
../Core/Src/main.c:502:6:AccelDetecting	48	static
../Core/Src/main.c:577:5:main	16	static
../Core/Src/main.c:678:6:SystemClock_Config	96	static
../Core/Src/main.c:726:6:Error_Handler	8	static,ignoring_inline_asm
