../Core/Src/main.c:45:5:theCode	24	static
../Core/Src/main.c:55:6:allState	16	static
../Core/Src/main.c:65:6:BeepX	32	static
../Core/Src/main.c:77:6:buttonsNlights	8	static
../Core/Src/main.c:100:6:ErrorSound	8	static
../Core/Src/main.c:107:6:GoodSound	8	static
../Core/Src/main.c:115:8:twiScan	16	static
../Core/Src/main.c:130:9:platform_write	48	static
../Core/Src/main.c:135:9:platform_read	48	static
../Core/Src/main.c:141:6:platform_delay	16	static
../Core/Src/main.c:146:6:UpdateValues	40	static
../Core/Src/main.c:198:6:Bar4	8	static
../Core/Src/main.c:204:6:Bar3	8	static
../Core/Src/main.c:210:6:Bar2	8	static
../Core/Src/main.c:216:6:Bar1	8	static
../Core/Src/main.c:224:6:TempLightBar	8	static
../Core/Src/main.c:240:6:AccelDetecting	64	static
../Core/Src/main.c:337:5:main	8	static
../Core/Src/main.c:437:6:SystemClock_Config	96	static
../Core/Src/main.c:483:6:Error_Handler	8	static,ignoring_inline_asm
