16:35:19 **** Incremental Build of configuration Debug for project The WatchDog ****
make -j20 all 
arm-none-eabi-gcc "../Core/Src/main.c" -mcpu=cortex-m0 -std=gnu11 -g3 -DDEBUG -DUSE_HAL_DRIVER -DSTM32F030x6 -c -I../Core/Inc -IC:/Users/sebfo/STM32Cube/Repository/STM32Cube_FW_F0_V1.11.5/Drivers/STM32F0xx_HAL_Driver/Inc -IC:/Users/sebfo/STM32Cube/Repository/STM32Cube_FW_F0_V1.11.5/Drivers/STM32F0xx_HAL_Driver/Inc/Legacy -IC:/Users/sebfo/STM32Cube/Repository/STM32Cube_FW_F0_V1.11.5/Drivers/CMSIS/Device/ST/STM32F0xx/Include -IC:/Users/sebfo/STM32Cube/Repository/STM32Cube_FW_F0_V1.11.5/Drivers/CMSIS/Include -O0 -ffunction-sections -fdata-sections -Wall -fstack-usage -fcyclomatic-complexity -MMD -MP -MF"Core/Src/main.d" -MT"Core/Src/main.o" --specs=nano.specs -mfloat-abi=soft -mthumb -o "Core/Src/main.o"
../Core/Src/main.c: In function 'platform_write':
../Core/Src/main.c:36:1: warning: control reaches end of non-void function [-Wreturn-type]
   36 | }
      | ^
../Core/Src/main.c: In function 'platform_read':
../Core/Src/main.c:40:1: warning: control reaches end of non-void function [-Wreturn-type]
   40 | }
      | ^
arm-none-eabi-gcc -o "The WatchDog.elf" @"objects.list"   -mcpu=cortex-m0 -T"C:\Users\sebfo\STM32CubeIDE\workspace_1.15.1\The WatchDog\STM32F030K6TX_FLASH.ld" --specs=nosys.specs -Wl,-Map="The WatchDog.map" -Wl,--gc-sections -static --specs=nano.specs -mfloat-abi=soft -mthumb -Wl,--start-group -lc -lm -Wl,--end-group
Finished building target: The WatchDog.elf
 
arm-none-eabi-size  The\ WatchDog.elf 
arm-none-eabi-objdump -h -S The\ WatchDog.elf  > "The WatchDog.list"
   text	   data	    bss	    dec	    hex	filename
  14044	     16	   1680	  15740	   3d7c	The WatchDog.elf
Finished building: default.size.stdout
 
Finished building: The WatchDog.list
 
16:35:37 **** Incremental Build of configuration Debug for project The WatchDog ****
make -j20 all 
arm-none-eabi-gcc "../Core/Src/main.c" -mcpu=cortex-m0 -std=gnu11 -g3 -DDEBUG -DUSE_HAL_DRIVER -DSTM32F030x6 -c -I../Core/Inc -IC:/Users/sebfo/STM32Cube/Repository/STM32Cube_FW_F0_V1.11.5/Drivers/STM32F0xx_HAL_Driver/Inc -IC:/Users/sebfo/STM32Cube/Repository/STM32Cube_FW_F0_V1.11.5/Drivers/STM32F0xx_HAL_Driver/Inc/Legacy -IC:/Users/sebfo/STM32Cube/Repository/STM32Cube_FW_F0_V1.11.5/Drivers/CMSIS/Device/ST/STM32F0xx/Include -IC:/Users/sebfo/STM32Cube/Repository/STM32Cube_FW_F0_V1.11.5/Drivers/CMSIS/Include -O0 -ffunction-sections -fdata-sections -Wall -fstack-usage -fcyclomatic-complexity -MMD -MP -MF"Core/Src/main.d" -MT"Core/Src/main.o" --specs=nano.specs -mfloat-abi=soft -mthumb -o "Core/Src/main.o"
../Core/Src/main.c: In function 'platform_write':
../Core/Src/main.c:36:1: warning: control reaches end of non-void function [-Wreturn-type]
   36 | }
      | ^
../Core/Src/main.c: In function 'platform_read':
../Core/Src/main.c:41:1: warning: control reaches end of non-void function [-Wreturn-type]
   41 | }
      | ^
arm-none-eabi-gcc -o "The WatchDog.elf" @"objects.list"   -mcpu=cortex-m0 -T"C:\Users\sebfo\STM32CubeIDE\workspace_1.15.1\The WatchDog\STM32F030K6TX_FLASH.ld" --specs=nosys.specs -Wl,-Map="The WatchDog.map" -Wl,--gc-sections -static --specs=nano.specs -mfloat-abi=soft -mthumb -Wl,--start-group -lc -lm -Wl,--end-group
Finished building target: The WatchDog.elf
 
arm-none-eabi-size  The\ WatchDog.elf 
arm-none-eabi-objdump -h -S The\ WatchDog.elf  > "The WatchDog.list"
   text	   data	    bss	    dec	    hex	filename
  14044	     16	   1680	  15740	   3d7c	The WatchDog.elf
Finished building: default.size.stdout
 
Finished building: The WatchDog.list
 
16:38:45 **** Incremental Build of configuration Debug for project The WatchDog ****
make -j20 all 
arm-none-eabi-gcc "../Core/Src/main.c" -mcpu=cortex-m0 -std=gnu11 -g3 -DDEBUG -DUSE_HAL_DRIVER -DSTM32F030x6 -c -I../Core/Inc -IC:/Users/sebfo/STM32Cube/Repository/STM32Cube_FW_F0_V1.11.5/Drivers/STM32F0xx_HAL_Driver/Inc -IC:/Users/sebfo/STM32Cube/Repository/STM32Cube_FW_F0_V1.11.5/Drivers/STM32F0xx_HAL_Driver/Inc/Legacy -IC:/Users/sebfo/STM32Cube/Repository/STM32Cube_FW_F0_V1.11.5/Drivers/CMSIS/Device/ST/STM32F0xx/Include -IC:/Users/sebfo/STM32Cube/Repository/STM32Cube_FW_F0_V1.11.5/Drivers/CMSIS/Include -O0 -ffunction-sections -fdata-sections -Wall -fstack-usage -fcyclomatic-complexity -MMD -MP -MF"Core/Src/main.d" -MT"Core/Src/main.o" --specs=nano.specs -mfloat-abi=soft -mthumb -o "Core/Src/main.o"
../Core/Src/main.c: In function 'platform_write':
../Core/Src/main.c:36:1: warning: control reaches end of non-void function [-Wreturn-type]
   36 | }
      | ^
../Core/Src/main.c: In function 'platform_read':
../Core/Src/main.c:41:1: warning: control reaches end of non-void function [-Wreturn-type]
   41 | }
      | ^
arm-none-eabi-gcc -o "The WatchDog.elf" @"objects.list"   -mcpu=cortex-m0 -T"C:\Users\sebfo\STM32CubeIDE\workspace_1.15.1\The WatchDog\STM32F030K6TX_FLASH.ld" --specs=nosys.specs -Wl,-Map="The WatchDog.map" -Wl,--gc-sections -static --specs=nano.specs -mfloat-abi=soft -mthumb -Wl,--start-group -lc -lm -Wl,--end-group
Finished building target: The WatchDog.elf
 
arm-none-eabi-size  The\ WatchDog.elf 
arm-none-eabi-objdump -h -S The\ WatchDog.elf  > "The WatchDog.list"
   text	   data	    bss	    dec	    hex	filename
  14040	     16	   1680	  15736	   3d78	The WatchDog.elf
Finished building: default.size.stdout
 
Finished building: The WatchDog.list
 
16:39:33 **** Incremental Build of configuration Debug for project The WatchDog ****
make -j20 all 
arm-none-eabi-size  The\ WatchDog.elf 
   text	   data	    bss	    dec	    hex	filename
  14040	     16	   1680	  15736	   3d78	The WatchDog.elf
Finished building: default.size.stdout
 
16:40:08 **** Incremental Build of configuration Debug for project The WatchDog ****
make -j20 all 
arm-none-eabi-size  The\ WatchDog.elf 
   text	   data	    bss	    dec	    hex	filename
  14040	     16	   1680	  15736	   3d78	The WatchDog.elf
Finished building: default.size.stdout
 
16:42:10 **** Incremental Build of configuration Debug for project The WatchDog ****
make -j20 all 
arm-none-eabi-gcc "../Core/Src/main.c" -mcpu=cortex-m0 -std=gnu11 -g3 -DDEBUG -DUSE_HAL_DRIVER -DSTM32F030x6 -c -I../Core/Inc -IC:/Users/sebfo/STM32Cube/Repository/STM32Cube_FW_F0_V1.11.5/Drivers/STM32F0xx_HAL_Driver/Inc -IC:/Users/sebfo/STM32Cube/Repository/STM32Cube_FW_F0_V1.11.5/Drivers/STM32F0xx_HAL_Driver/Inc/Legacy -IC:/Users/sebfo/STM32Cube/Repository/STM32Cube_FW_F0_V1.11.5/Drivers/CMSIS/Device/ST/STM32F0xx/Include -IC:/Users/sebfo/STM32Cube/Repository/STM32Cube_FW_F0_V1.11.5/Drivers/CMSIS/Include -O0 -ffunction-sections -fdata-sections -Wall -fstack-usage -fcyclomatic-complexity -MMD -MP -MF"Core/Src/main.d" -MT"Core/Src/main.o" --specs=nano.specs -mfloat-abi=soft -mthumb -o "Core/Src/main.o"
../Core/Src/main.c: In function 'main':
../Core/Src/main.c:280:39: warning: unused variable 'temperatur_degC' [-Wunused-variable]
  280 |                                   int temperatur_degC;
      |                                       ^~~~~~~~~~~~~~~
../Core/Src/main.c: In function 'platform_write':
../Core/Src/main.c:36:1: warning: control reaches end of non-void function [-Wreturn-type]
   36 | }
      | ^
../Core/Src/main.c: In function 'platform_read':
../Core/Src/main.c:41:1: warning: control reaches end of non-void function [-Wreturn-type]
   41 | }
      | ^
arm-none-eabi-gcc -o "The WatchDog.elf" @"objects.list"   -mcpu=cortex-m0 -T"C:\Users\sebfo\STM32CubeIDE\workspace_1.15.1\The WatchDog\STM32F030K6TX_FLASH.ld" --specs=nosys.specs -Wl,-Map="The WatchDog.map" -Wl,--gc-sections -static --specs=nano.specs -mfloat-abi=soft -mthumb -Wl,--start-group -lc -lm -Wl,--end-group
Finished building target: The WatchDog.elf
 
arm-none-eabi-size  The\ WatchDog.elf 
arm-none-eabi-objdump -h -S The\ WatchDog.elf  > "The WatchDog.list"
   text	   data	    bss	    dec	    hex	filename
  14004	     16	   1680	  15700	   3d54	The WatchDog.elf
Finished building: default.size.stdout
 
Finished building: The WatchDog.list
 
15:39:35 **** Incremental Build of configuration Debug for project The WatchDog ****
make -j20 all 
arm-none-eabi-gcc "../Core/Src/main.c" -mcpu=cortex-m0 -std=gnu11 -g3 -DDEBUG -DUSE_HAL_DRIVER -DSTM32F030x6 -c -I../Core/Inc -IC:/Users/sebfo/STM32Cube/Repository/STM32Cube_FW_F0_V1.11.5/Drivers/STM32F0xx_HAL_Driver/Inc -IC:/Users/sebfo/STM32Cube/Repository/STM32Cube_FW_F0_V1.11.5/Drivers/STM32F0xx_HAL_Driver/Inc/Legacy -IC:/Users/sebfo/STM32Cube/Repository/STM32Cube_FW_F0_V1.11.5/Drivers/CMSIS/Device/ST/STM32F0xx/Include -IC:/Users/sebfo/STM32Cube/Repository/STM32Cube_FW_F0_V1.11.5/Drivers/CMSIS/Include -O0 -ffunction-sections -fdata-sections -Wall -fstack-usage -fcyclomatic-complexity -MMD -MP -MF"Core/Src/main.d" -MT"Core/Src/main.o" --specs=nano.specs -mfloat-abi=soft -mthumb -o "Core/Src/main.o"
../Core/Src/main.c: In function 'platform_write':
../Core/Src/main.c:36:1: warning: control reaches end of non-void function [-Wreturn-type]
   36 | }
      | ^
../Core/Src/main.c: In function 'platform_read':
../Core/Src/main.c:41:1: warning: control reaches end of non-void function [-Wreturn-type]
   41 | }
      | ^
../Core/Src/main.c: In function 'main':
../Core/Src/main.c:281:38: warning: 'temperature_degC' may be used uninitialized [-Wmaybe-uninitialized]
  281 |                                   if (temperature_degC > 23) {
      |                                      ^
../Core/Src/main.c:280:39: note: 'temperature_degC' was declared here
  280 |                                   int temperature_degC;
      |                                       ^~~~~~~~~~~~~~~~
arm-none-eabi-gcc -o "The WatchDog.elf" @"objects.list"   -mcpu=cortex-m0 -T"C:\Users\sebfo\STM32CubeIDE\workspace_1.15.1\The WatchDog\STM32F030K6TX_FLASH.ld" --specs=nosys.specs -Wl,-Map="The WatchDog.map" -Wl,--gc-sections -static --specs=nano.specs -mfloat-abi=soft -mthumb -Wl,--start-group -lc -lm -Wl,--end-group
Finished building target: The WatchDog.elf
 
arm-none-eabi-size  The\ WatchDog.elf 
arm-none-eabi-objdump -h -S The\ WatchDog.elf  > "The WatchDog.list"
   text	   data	    bss	    dec	    hex	filename
  13436	     16	   1680	  15132	   3b1c	The WatchDog.elf
Finished building: default.size.stdout
 
Finished building: The WatchDog.list
 
15:39:53 **** Incremental Build of configuration Debug for project The WatchDog ****
make -j20 all 
arm-none-eabi-size  The\ WatchDog.elf 
   text	   data	    bss	    dec	    hex	filename
  13436	     16	   1680	  15132	   3b1c	The WatchDog.elf
Finished building: default.size.stdout
 
15:40:30 **** Incremental Build of configuration Debug for project The WatchDog ****
make -j20 all 
arm-none-eabi-size  The\ WatchDog.elf 
   text	   data	    bss	    dec	    hex	filename
  13436	     16	   1680	  15132	   3b1c	The WatchDog.elf
Finished building: default.size.stdout
 
15:40:33 **** Incremental Build of configuration Debug for project The WatchDog ****
make -j20 all 
arm-none-eabi-size  The\ WatchDog.elf 
   text	   data	    bss	    dec	    hex	filename
  13436	     16	   1680	  15132	   3b1c	The WatchDog.elf
Finished building: default.size.stdout
 
15:40:46 **** Incremental Build of configuration Debug for project The WatchDog ****
make -j20 all 
arm-none-eabi-size  The\ WatchDog.elf 
   text	   data	    bss	    dec	    hex	filename
  13436	     16	   1680	  15132	   3b1c	The WatchDog.elf
Finished building: default.size.stdout
 
15:41:47 **** Incremental Build of configuration Debug for project The WatchDog ****
make -j20 all 
arm-none-eabi-size  The\ WatchDog.elf 
   text	   data	    bss	    dec	    hex	filename
  13436	     16	   1680	  15132	   3b1c	The WatchDog.elf
Finished building: default.size.stdout
 
15:46:57 **** Incremental Build of configuration Debug for project The WatchDog ****
make -j20 all 
arm-none-eabi-size  The\ WatchDog.elf 
   text	   data	    bss	    dec	    hex	filename
  13436	     16	   1680	  15132	   3b1c	The WatchDog.elf
Finished building: default.size.stdout
 
15:55:06 **** Incremental Build of configuration Debug for project The WatchDog ****
make -j20 all 
arm-none-eabi-gcc "../Core/Src/main.c" -mcpu=cortex-m0 -std=gnu11 -g3 -DDEBUG -DUSE_HAL_DRIVER -DSTM32F030x6 -c -I../Core/Inc -IC:/Users/sebfo/STM32Cube/Repository/STM32Cube_FW_F0_V1.11.5/Drivers/STM32F0xx_HAL_Driver/Inc -IC:/Users/sebfo/STM32Cube/Repository/STM32Cube_FW_F0_V1.11.5/Drivers/STM32F0xx_HAL_Driver/Inc/Legacy -IC:/Users/sebfo/STM32Cube/Repository/STM32Cube_FW_F0_V1.11.5/Drivers/CMSIS/Device/ST/STM32F0xx/Include -IC:/Users/sebfo/STM32Cube/Repository/STM32Cube_FW_F0_V1.11.5/Drivers/CMSIS/Include -O0 -ffunction-sections -fdata-sections -Wall -fstack-usage -fcyclomatic-complexity -MMD -MP -MF"Core/Src/main.d" -MT"Core/Src/main.o" --specs=nano.specs -mfloat-abi=soft -mthumb -o "Core/Src/main.o"
../Core/Src/main.c: In function 'platform_write':
../Core/Src/main.c:36:1: warning: control reaches end of non-void function [-Wreturn-type]
   36 | }
      | ^
../Core/Src/main.c: In function 'main':
../Core/Src/main.c:283:38: warning: 'temperature_degC' may be used uninitialized [-Wmaybe-uninitialized]
  283 |                                   if (temperature_degC > 23) {
      |                                      ^
../Core/Src/main.c:282:39: note: 'temperature_degC' was declared here
  282 |                                   int temperature_degC;
      |                                       ^~~~~~~~~~~~~~~~
arm-none-eabi-gcc -o "The WatchDog.elf" @"objects.list"   -mcpu=cortex-m0 -T"C:\Users\sebfo\STM32CubeIDE\workspace_1.15.1\The WatchDog\STM32F030K6TX_FLASH.ld" --specs=nosys.specs -Wl,-Map="The WatchDog.map" -Wl,--gc-sections -static --specs=nano.specs -mfloat-abi=soft -mthumb -Wl,--start-group -lc -lm -Wl,--end-group
Finished building target: The WatchDog.elf
 
arm-none-eabi-size  The\ WatchDog.elf 
arm-none-eabi-objdump -h -S The\ WatchDog.elf  > "The WatchDog.list"
   text	   data	    bss	    dec	    hex	filename
  13440	     16	   1680	  15136	   3b20	The WatchDog.elf
Finished building: default.size.stdout
 
Finished building: The WatchDog.list
 
15:56:13 **** Incremental Build of configuration Debug for project The WatchDog ****
make -j20 all 
arm-none-eabi-size  The\ WatchDog.elf 
   text	   data	    bss	    dec	    hex	filename
  13440	     16	   1680	  15136	   3b20	The WatchDog.elf
Finished building: default.size.stdout
 
16:03:07 **** Incremental Build of configuration Debug for project The WatchDog ****
make -j20 all 
arm-none-eabi-gcc "../Core/Src/main.c" -mcpu=cortex-m0 -std=gnu11 -g3 -DDEBUG -DUSE_HAL_DRIVER -DSTM32F030x6 -c -I../Core/Inc -IC:/Users/sebfo/STM32Cube/Repository/STM32Cube_FW_F0_V1.11.5/Drivers/STM32F0xx_HAL_Driver/Inc -IC:/Users/sebfo/STM32Cube/Repository/STM32Cube_FW_F0_V1.11.5/Drivers/STM32F0xx_HAL_Driver/Inc/Legacy -IC:/Users/sebfo/STM32Cube/Repository/STM32Cube_FW_F0_V1.11.5/Drivers/CMSIS/Device/ST/STM32F0xx/Include -IC:/Users/sebfo/STM32Cube/Repository/STM32Cube_FW_F0_V1.11.5/Drivers/CMSIS/Include -O0 -ffunction-sections -fdata-sections -Wall -fstack-usage -fcyclomatic-complexity -MMD -MP -MF"Core/Src/main.d" -MT"Core/Src/main.o" --specs=nano.specs -mfloat-abi=soft -mthumb -o "Core/Src/main.o"
../Core/Src/main.c: In function 'platform_write':
../Core/Src/main.c:36:1: warning: control reaches end of non-void function [-Wreturn-type]
   36 | }
      | ^
../Core/Src/main.c: In function 'main':
../Core/Src/main.c:283:38: warning: 'temperature_degC' may be used uninitialized [-Wmaybe-uninitialized]
  283 |                                   if (temperature_degC > 23) {
      |                                      ^
../Core/Src/main.c:282:39: note: 'temperature_degC' was declared here
  282 |                                   int temperature_degC;
      |                                       ^~~~~~~~~~~~~~~~
arm-none-eabi-gcc -o "The WatchDog.elf" @"objects.list"   -mcpu=cortex-m0 -T"C:\Users\sebfo\STM32CubeIDE\workspace_1.15.1\The WatchDog\STM32F030K6TX_FLASH.ld" --specs=nosys.specs -Wl,-Map="The WatchDog.map" -Wl,--gc-sections -static --specs=nano.specs -mfloat-abi=soft -mthumb -Wl,--start-group -lc -lm -Wl,--end-group
Finished building target: The WatchDog.elf
 
arm-none-eabi-size  The\ WatchDog.elf 
arm-none-eabi-objdump -h -S The\ WatchDog.elf  > "The WatchDog.list"
   text	   data	    bss	    dec	    hex	filename
  13440	     16	   1680	  15136	   3b20	The WatchDog.elf
Finished building: default.size.stdout
 
Finished building: The WatchDog.list
 
20:13:57 **** Incremental Build of configuration Debug for project The WatchDog ****
make -j20 all 
arm-none-eabi-gcc "../Core/Src/main.c" -mcpu=cortex-m0 -std=gnu11 -g3 -DDEBUG -DUSE_HAL_DRIVER -DSTM32F030x6 -c -I../Core/Inc -IC:/Users/sebfo/STM32Cube/Repository/STM32Cube_FW_F0_V1.11.5/Drivers/STM32F0xx_HAL_Driver/Inc -IC:/Users/sebfo/STM32Cube/Repository/STM32Cube_FW_F0_V1.11.5/Drivers/STM32F0xx_HAL_Driver/Inc/Legacy -IC:/Users/sebfo/STM32Cube/Repository/STM32Cube_FW_F0_V1.11.5/Drivers/CMSIS/Device/ST/STM32F0xx/Include -IC:/Users/sebfo/STM32Cube/Repository/STM32Cube_FW_F0_V1.11.5/Drivers/CMSIS/Include -O0 -ffunction-sections -fdata-sections -Wall -fstack-usage -fcyclomatic-complexity -MMD -MP -MF"Core/Src/main.d" -MT"Core/Src/main.o" --specs=nano.specs -mfloat-abi=soft -mthumb -o "Core/Src/main.o"
../Core/Src/main.c: In function 'twiScan':
../Core/Src/main.c:141:24: error: 'I2C_CR1_START' undeclared (first use in this function); did you mean 'I2C_CR2_START'?
  141 |           I2C1->CR1 |= I2C_CR1_START;
      |                        ^~~~~~~~~~~~~
      |                        I2C_CR2_START
../Core/Src/main.c:141:24: note: each undeclared identifier is reported only once for each function it appears in
../Core/Src/main.c:142:25: error: 'I2C_TypeDef' has no member named 'SR1'; did you mean 'CR1'?
  142 |           while(!(I2C1->SR1 & I2C_SR1_SB));
      |                         ^~~
      |                         CR1
../Core/Src/main.c:142:31: error: 'I2C_SR1_SB' undeclared (first use in this function); did you mean 'I2C_CR1_SBC'?
  142 |           while(!(I2C1->SR1 & I2C_SR1_SB));
      |                               ^~~~~~~~~~
      |                               I2C_CR1_SBC
../Core/Src/main.c:143:15: error: 'I2C_TypeDef' has no member named 'DR'
  143 |           I2C1->DR=(i<<1|0);
      |               ^~
../Core/Src/main.c:144:25: error: 'I2C_TypeDef' has no member named 'SR1'; did you mean 'CR1'?
  144 |           while(!(I2C1->SR1)|!(I2C1->SR2)){};
      |                         ^~~
      |                         CR1
../Core/Src/main.c:144:38: error: 'I2C_TypeDef' has no member named 'SR2'; did you mean 'CR2'?
  144 |           while(!(I2C1->SR1)|!(I2C1->SR2)){};
      |                                      ^~~
      |                                      CR2
../Core/Src/main.c:145:24: error: 'I2C_CR1_STOP' undeclared (first use in this function); did you mean 'I2C_CR2_STOP'?
  145 |           I2C1->CR1 |= I2C_CR1_STOP;
      |                        ^~~~~~~~~~~~
      |                        I2C_CR2_STOP
../Core/Src/main.c:146:11: warning: implicit declaration of function 'delay' [-Wimplicit-function-declaration]
  146 |           delay(100);//minium wait time is 40 uS, but for sure, leave it 100 uS
      |           ^~~~~
../Core/Src/main.c:147:20: error: 'I2C_TypeDef' has no member named 'SR1'; did you mean 'CR1'?
  147 |           a=(I2C1->SR1&I2C_SR1_ADDR);
      |                    ^~~
      |                    CR1
../Core/Src/main.c:147:24: error: 'I2C_SR1_ADDR' undeclared (first use in this function); did you mean 'I2C_ISR_ADDR'?
  147 |           a=(I2C1->SR1&I2C_SR1_ADDR);
      |                        ^~~~~~~~~~~~
      |                        I2C_ISR_ADDR
../Core/Src/main.c:149:18: warning: unused variable 'address' [-Wunused-variable]
  149 |              int address = i;
      |                  ^~~~~~~
../Core/Src/main.c: In function 'platform_write':
../Core/Src/main.c:36:1: warning: control reaches end of non-void function [-Wreturn-type]
   36 | }
      | ^
make: *** [Core/Src/subdir.mk:46: Core/Src/main.o] Error 1
"make -j20 all" terminated with exit code 2. Build might be incomplete.
20:20:31 **** Incremental Build of configuration Debug for project The WatchDog ****
make -j20 all 
arm-none-eabi-gcc "../Core/Src/main.c" -mcpu=cortex-m0 -std=gnu11 -g3 -DDEBUG -DUSE_HAL_DRIVER -DSTM32F030x6 -c -I../Core/Inc -IC:/Users/sebfo/STM32Cube/Repository/STM32Cube_FW_F0_V1.11.5/Drivers/STM32F0xx_HAL_Driver/Inc -IC:/Users/sebfo/STM32Cube/Repository/STM32Cube_FW_F0_V1.11.5/Drivers/STM32F0xx_HAL_Driver/Inc/Legacy -IC:/Users/sebfo/STM32Cube/Repository/STM32Cube_FW_F0_V1.11.5/Drivers/CMSIS/Device/ST/STM32F0xx/Include -IC:/Users/sebfo/STM32Cube/Repository/STM32Cube_FW_F0_V1.11.5/Drivers/CMSIS/Include -O0 -ffunction-sections -fdata-sections -Wall -fstack-usage -fcyclomatic-complexity -MMD -MP -MF"Core/Src/main.d" -MT"Core/Src/main.o" --specs=nano.specs -mfloat-abi=soft -mthumb -o "Core/Src/main.o"
../Core/Src/main.c: In function 'twiScan':
../Core/Src/main.c:142:31: warning: unused variable 'address' [-Wunused-variable]
  142 |                           int address = i;
      |                               ^~~~~~~
../Core/Src/main.c: In function 'platform_write':
../Core/Src/main.c:36:1: warning: control reaches end of non-void function [-Wreturn-type]
   36 | }
      | ^
../Core/Src/main.c: In function 'main':
../Core/Src/main.c:294:38: warning: 'temperature_degC' may be used uninitialized [-Wmaybe-uninitialized]
  294 |                                   if (temperature_degC > 23) {
      |                                      ^
../Core/Src/main.c:293:39: note: 'temperature_degC' was declared here
  293 |                                   int temperature_degC;
      |                                       ^~~~~~~~~~~~~~~~
arm-none-eabi-gcc -o "The WatchDog.elf" @"objects.list"   -mcpu=cortex-m0 -T"C:\Users\sebfo\STM32CubeIDE\workspace_1.15.1\The WatchDog\STM32F030K6TX_FLASH.ld" --specs=nosys.specs -Wl,-Map="The WatchDog.map" -Wl,--gc-sections -static --specs=nano.specs -mfloat-abi=soft -mthumb -Wl,--start-group -lc -lm -Wl,--end-group
Finished building target: The WatchDog.elf
 
arm-none-eabi-size  The\ WatchDog.elf 
arm-none-eabi-objdump -h -S The\ WatchDog.elf  > "The WatchDog.list"
   text	   data	    bss	    dec	    hex	filename
  14028	     16	   1680	  15724	   3d6c	The WatchDog.elf
Finished building: default.size.stdout
 
Finished building: The WatchDog.list
 
20:21:27 **** Incremental Build of configuration Debug for project The WatchDog ****
make -j20 all 
arm-none-eabi-size  The\ WatchDog.elf 
   text	   data	    bss	    dec	    hex	filename
  14028	     16	   1680	  15724	   3d6c	The WatchDog.elf
Finished building: default.size.stdout
 
20:23:44 **** Incremental Build of configuration Debug for project The WatchDog ****
make -j20 all 
arm-none-eabi-gcc "../Core/Src/main.c" -mcpu=cortex-m0 -std=gnu11 -g3 -DDEBUG -DUSE_HAL_DRIVER -DSTM32F030x6 -c -I../Core/Inc -IC:/Users/sebfo/STM32Cube/Repository/STM32Cube_FW_F0_V1.11.5/Drivers/STM32F0xx_HAL_Driver/Inc -IC:/Users/sebfo/STM32Cube/Repository/STM32Cube_FW_F0_V1.11.5/Drivers/STM32F0xx_HAL_Driver/Inc/Legacy -IC:/Users/sebfo/STM32Cube/Repository/STM32Cube_FW_F0_V1.11.5/Drivers/CMSIS/Device/ST/STM32F0xx/Include -IC:/Users/sebfo/STM32Cube/Repository/STM32Cube_FW_F0_V1.11.5/Drivers/CMSIS/Include -O0 -ffunction-sections -fdata-sections -Wall -fstack-usage -fcyclomatic-complexity -MMD -MP -MF"Core/Src/main.d" -MT"Core/Src/main.o" --specs=nano.specs -mfloat-abi=soft -mthumb -o "Core/Src/main.o"
../Core/Src/main.c: In function 'twiScan':
../Core/Src/main.c:153:31: warning: unused variable 'address' [-Wunused-variable]
  153 |                           int address = i;
      |                               ^~~~~~~
../Core/Src/main.c: In function 'platform_write':
../Core/Src/main.c:36:1: warning: control reaches end of non-void function [-Wreturn-type]
   36 | }
      | ^
../Core/Src/main.c: In function 'main':
../Core/Src/main.c:296:38: warning: 'temperature_degC' may be used uninitialized [-Wmaybe-uninitialized]
  296 |                                   if (temperature_degC > 23) {
      |                                      ^
../Core/Src/main.c:295:39: note: 'temperature_degC' was declared here
  295 |                                   int temperature_degC;
      |                                       ^~~~~~~~~~~~~~~~
arm-none-eabi-gcc -o "The WatchDog.elf" @"objects.list"   -mcpu=cortex-m0 -T"C:\Users\sebfo\STM32CubeIDE\workspace_1.15.1\The WatchDog\STM32F030K6TX_FLASH.ld" --specs=nosys.specs -Wl,-Map="The WatchDog.map" -Wl,--gc-sections -static --specs=nano.specs -mfloat-abi=soft -mthumb -Wl,--start-group -lc -lm -Wl,--end-group
Finished building target: The WatchDog.elf
 
arm-none-eabi-size  The\ WatchDog.elf 
arm-none-eabi-objdump -h -S The\ WatchDog.elf  > "The WatchDog.list"
   text	   data	    bss	    dec	    hex	filename
  14032	     16	   1680	  15728	   3d70	The WatchDog.elf
Finished building: default.size.stdout
 
Finished building: The WatchDog.list
 
20:24:26 **** Incremental Build of configuration Debug for project The WatchDog ****
make -j20 all 
arm-none-eabi-size  The\ WatchDog.elf 
   text	   data	    bss	    dec	    hex	filename
  14032	     16	   1680	  15728	   3d70	The WatchDog.elf
Finished building: default.size.stdout
 
20:25:39 **** Incremental Build of configuration Debug for project The WatchDog ****
make -j20 all 
arm-none-eabi-size  The\ WatchDog.elf 
   text	   data	    bss	    dec	    hex	filename
  14032	     16	   1680	  15728	   3d70	The WatchDog.elf
Finished building: default.size.stdout
 
20:26:04 **** Incremental Build of configuration Debug for project The WatchDog ****
make -j20 all 
arm-none-eabi-size  The\ WatchDog.elf 
   text	   data	    bss	    dec	    hex	filename
  14032	     16	   1680	  15728	   3d70	The WatchDog.elf
Finished building: default.size.stdout
 
20:26:24 **** Incremental Build of configuration Debug for project The WatchDog ****
make -j20 all 
arm-none-eabi-size  The\ WatchDog.elf 
   text	   data	    bss	    dec	    hex	filename
  14032	     16	   1680	  15728	   3d70	The WatchDog.elf
Finished building: default.size.stdout
 
20:26:50 **** Incremental Build of configuration Debug for project The WatchDog ****
make -j20 all 
arm-none-eabi-size  The\ WatchDog.elf 
   text	   data	    bss	    dec	    hex	filename
  14032	     16	   1680	  15728	   3d70	The WatchDog.elf
Finished building: default.size.stdout
 
